OpenROAD unknown 
Features included (+) or not (-): -GPU +GUI -Python
This program is licensed under the BSD-3 license. See the LICENSE file for details.
Components of this program may be licensed under more restrictive licenses which must be honored.
[INFO ORD-0030] Using 24 thread(s).
read_liberty /OpenROAD-flow-scripts/flow/platforms/sky130hd/lib/sky130_fd_sc_hd__tt_025C_1v80.lib
read_db ./results/sky130hd/alu8/base/3_4_place_resized.odb
read_sdc ./results/sky130hd/alu8/base/2_floorplan.sdc
source /OpenROAD-flow-scripts/flow/platforms/sky130hd/setRC.tcl
detailed_placement
[INFO DPL-0006] Core area: 1141.09 um^2
[INFO DPL-0007] Movable instances area: 780.75 um^2
[INFO DPL-0008] Fixed instances area within core: 17.52 um^2
[INFO DPL-0009] Utilization: 70.0%
[INFO DPL-0005] Diamond search max displacement: +/- 500 sites horizontally, +/- 100 rows vertically.
[INFO DPL-1102] Legalizing using negotiation legalizer.
[INFO DPL-1103] Negotiation base search window: +/-20 sites horizontally, +/-5 rows vertically 
	Automatic search window extension enabled.
	Search window extendable up to the max displacement cap of +/-500 sites, +/-100 rows near walls.
[INFO DPL-1104] NegotiationLegalizer DRC penalty: 5.
[INFO DPL-0392] Negotiation cell height distribution (1 unique row-count(s)):
[INFO DPL-0393]   height 1 row(s): 120 cells
          |      Total |  Illegal |  Illegal
Iteration | Violations |    Cells |    Sites
---------------------------------------------
        0 |         35 |        11 |        24
        1 |          0 |         0 |         0
Negotiation phase 1 converged at iteration 1.
[INFO DPL-0500] Runtime: 0.01s
Detailed Placement Analysis
---------------------------------
legalizer            negotiation
total moves                 112
total displacement        339.8 u
average displacement        2.8 u
max displacement            8.4 u
original HPWL             865.9 u
legalized HPWL           1153.6 u
delta HPWL                   33 %

improve_placement -max_displacement "5 1"
Detailed placement improvement.
[INFO DPL-0401] Setting random seed to 1.
[INFO DPL-0402] Setting maximum displacement 5 1 to 13600 2720 units.
[INFO DPL-0320] Collected 41 fixed cells.
[INFO DPL-0318] Collected 106 single height cells.
[INFO DPL-0321] Collected 0 wide cells.
[INFO DPL-0322] Image (1380, 2720) - (36340, 35360)
[INFO DPL-0310] Assigned 106 cells into segments.  Movement in X-direction is 0.000000, movement in Y-direction is 0.000000.
[INFO DPL-0313] Found 0 cells in wrong regions.
[INFO DPL-0315] Found 0 row alignment problems.
[INFO DPL-0314] Found 0 site alignment problems.
[INFO DPL-0311] Found 0 overlaps between adjacent cells.
[INFO DPL-0312] Found 0 edge spacing violations and 0 padding violations.
[INFO DPL-0303] Running algorithm for independent set matching.
[INFO DPL-0300] Set matching objective is wirelength.
[INFO DPL-0301] Pass   1 of matching; objective is 1.154206e+06.
[INFO DPL-0302] End of matching; objective is 1.154206e+06, improvement is 0.00 percent.
[INFO DPL-0303] Running algorithm for global swaps.
[INFO DPL-0306] Pass   1 of global swaps; hpwl is 1.089384e+06.
[INFO DPL-0306] Pass   2 of global swaps; hpwl is 1.070543e+06.
[INFO DPL-0306] Pass   3 of global swaps; hpwl is 1.057778e+06.
[INFO DPL-0306] Pass   4 of global swaps; hpwl is 1.057778e+06.
[INFO DPL-0307] End of global swaps; objective is 1.057778e+06, improvement is 8.35 percent.
[INFO DPL-0303] Running algorithm for vertical swaps.
[INFO DPL-0308] Pass   1 of vertical swaps; hpwl is 1.053519e+06.
[INFO DPL-0309] End of vertical swaps; objective is 1.053519e+06, improvement is 0.40 percent.
[INFO DPL-0303] Running algorithm for reordering.
[INFO DPL-0304] Pass   1 of reordering; objective is 1.052227e+06.
[INFO DPL-0305] End of reordering; objective is 1.052227e+06, improvement is 0.12 percent.
[INFO DPL-0303] Running algorithm for random improvement.
[INFO DPL-0324] Random improver is using random generator.
[INFO DPL-0325] Random improver is using hpwl objective.
[INFO DPL-0326] Random improver cost string is (a).
[INFO DPL-0332] End of pass, Generator random called 2120 times.
[INFO DPL-0335] Generator random, Cumulative attempts 2120, swaps 690, moves   437 since last reset.
[INFO DPL-0333] End of pass, Objective hpwl, Initial cost 1.052227e+06, Scratch cost 1.027102e+06, Incremental cost 1.027102e+06, Mismatch? N
[INFO DPL-0338] End of pass, Total cost is 1.027102e+06.
[INFO DPL-0327] Pass   1 of random improver; improvement in cost is 2.39 percent.
[INFO DPL-0332] End of pass, Generator random called 2120 times.
[INFO DPL-0335] Generator random, Cumulative attempts 4240, swaps 1304, moves   845 since last reset.
[INFO DPL-0333] End of pass, Objective hpwl, Initial cost 1.027102e+06, Scratch cost 1.005296e+06, Incremental cost 1.005296e+06, Mismatch? N
[INFO DPL-0338] End of pass, Total cost is 1.005296e+06.
[INFO DPL-0327] Pass   2 of random improver; improvement in cost is 2.12 percent.
[INFO DPL-0332] End of pass, Generator random called 2120 times.
[INFO DPL-0335] Generator random, Cumulative attempts 6360, swaps 1960, moves  1255 since last reset.
[INFO DPL-0333] End of pass, Objective hpwl, Initial cost 1.005296e+06, Scratch cost 9.963440e+05, Incremental cost 9.963440e+05, Mismatch? N
[INFO DPL-0338] End of pass, Total cost is 9.963440e+05.
[INFO DPL-0327] Pass   3 of random improver; improvement in cost is 0.89 percent.
[INFO DPL-0328] End of random improver; improvement is 5.310926 percent.
[INFO DPL-0380] Cell flipping.
[INFO DPL-0382] Changed 0 cell orientations for row compatibility.
[INFO DPL-0383] Performed 32 cell flips.
[INFO DPL-0384] End of flipping; objective is 9.364510e+05, improvement is 6.01 percent.
[INFO DPL-0313] Found 0 cells in wrong regions.
[INFO DPL-0315] Found 0 row alignment problems.
[INFO DPL-0314] Found 0 site alignment problems.
[INFO DPL-0311] Found 0 overlaps between adjacent cells.
[INFO DPL-0312] Found 0 edge spacing violations and 0 padding violations.
Place Optimization Analysis
---------------------------------
total attempts            12720
relocated cells              73
total displacement        272.2 u
average displacement        3.7 u
max displacement           10.1 u
original HPWL            1153.6 u
improved HPWL             935.1 u
delta HPWL                  -19 %

optimize_mirroring
[INFO DPL-0020] Mirrored 7 instances
[INFO DPL-0021] HPWL before             935.1 u
[INFO DPL-0022] HPWL after              933.7 u
[INFO DPL-0023] HPWL delta               -0.2 %
[INFO FLW-0012] Placement violations .
estimate_parasitics -placement
Report metrics stage 3, detailed place...
No registers in design

==========================================================================
detailed place report_design_area
--------------------------------------------------------------------------
Design area 798 um^2 70% utilization.
write_db ./results/sky130hd/alu8/base/3_5_place_dp.odb
write_sdc -no_timestamp ./results/sky130hd/alu8/base/3_place.sdc
Elapsed time: 0:00.97[h:]min:sec. CPU time: user 0.86 sys 0.15 (103%). Peak memory: 113780KB.
Log                       Ext     Elapsed/s Peak Memory/MB sha1sum result [0:20)
3_5_place_dp              .odb            0            111 38757b3dae7a96d1c53f
