OpenROAD unknown 
Features included (+) or not (-): -GPU +GUI -Python
This program is licensed under the BSD-3 license. See the LICENSE file for details.
Components of this program may be licensed under more restrictive licenses which must be honored.
[INFO ORD-0030] Using 24 thread(s).
read_liberty /OpenROAD-flow-scripts/flow/platforms/sky130hd/lib/sky130_fd_sc_hd__tt_025C_1v80.lib
read_db ./results/sky130hd/alu8/base/5_1_grt.odb
read_sdc ./results/sky130hd/alu8/base/5_1_grt.sdc
source /OpenROAD-flow-scripts/flow/platforms/sky130hd/setRC.tcl
[WARNING STA-0450] virtual clock vclk can not be propagated.
detailed_route -output_drc ./reports/sky130hd/alu8/base/5_route_drc.rpt -output_maze ./results/sky130hd/alu8/base/maze.log -droute_end_iter 64 -verbose 1 -drc_report_iter_step 5
[INFO DRT-0149] Reading tech and libs.
[WARNING DRT-0349] LEF58_ENCLOSURE with no CUTCLASS is not supported. Skipping for layer mcon
[WARNING DRT-0349] LEF58_ENCLOSURE with no CUTCLASS is not supported. Skipping for layer mcon
[WARNING DRT-0349] LEF58_ENCLOSURE with no CUTCLASS is not supported. Skipping for layer via
[WARNING DRT-0349] LEF58_ENCLOSURE with no CUTCLASS is not supported. Skipping for layer via
[WARNING DRT-0349] LEF58_ENCLOSURE with no CUTCLASS is not supported. Skipping for layer via2
[WARNING DRT-0349] LEF58_ENCLOSURE with no CUTCLASS is not supported. Skipping for layer via2
[WARNING DRT-0349] LEF58_ENCLOSURE with no CUTCLASS is not supported. Skipping for layer via3
[WARNING DRT-0349] LEF58_ENCLOSURE with no CUTCLASS is not supported. Skipping for layer via3
[WARNING DRT-0349] LEF58_ENCLOSURE with no CUTCLASS is not supported. Skipping for layer via4
[WARNING DRT-0349] LEF58_ENCLOSURE with no CUTCLASS is not supported. Skipping for layer via4

Units:                1000
Number of layers:     13
Number of macros:     441
Number of vias:       29
Number of viarulegen: 25

[INFO DRT-0150] Reading design.

Design:                   alu8
Die area:                 ( 0 0 ) ( 37725 37725 )
Number of track patterns: 12
Number of DEF vias:       0
Number of components:     120
Number of terminals:      29
Number of snets:          2
Number of nets:           125

[INFO DRT-0167] List of default vias:
  Layer via
    default via: M1M2_PR
  Layer via2
    default via: M2M3_PR
  Layer via3
    default via: M3M4_PR
  Layer via4
    default via: M4M5_PR
[INFO DRT-0162] Library cell analysis.
[INFO DRT-0163] Instance analysis.
[INFO DRT-0164] Number of unique instances = 33.
[INFO DRT-0168] Init region query.
[INFO DRT-0024]   Complete FR_MASTERSLICE.
[INFO DRT-0024]   Complete Fr_VIA.
[INFO DRT-0024]   Complete li1.
[INFO DRT-0024]   Complete mcon.
[INFO DRT-0024]   Complete met1.
[INFO DRT-0024]   Complete via.
[INFO DRT-0024]   Complete met2.
[INFO DRT-0024]   Complete via2.
[INFO DRT-0024]   Complete met3.
[INFO DRT-0024]   Complete via3.
[INFO DRT-0024]   Complete met4.
[INFO DRT-0024]   Complete via4.
[INFO DRT-0024]   Complete met5.
[INFO DRT-0033] FR_MASTERSLICE shape region query size = 0.
[INFO DRT-0033] FR_VIA shape region query size = 0.
[INFO DRT-0033] li1 shape region query size = 2213.
[INFO DRT-0033] mcon shape region query size = 1276.
[INFO DRT-0033] met1 shape region query size = 266.
[INFO DRT-0033] via shape region query size = 65.
[INFO DRT-0033] met2 shape region query size = 53.
[INFO DRT-0033] via2 shape region query size = 52.
[INFO DRT-0033] met3 shape region query size = 52.
[INFO DRT-0033] via3 shape region query size = 52.
[INFO DRT-0033] met4 shape region query size = 17.
[INFO DRT-0033] via4 shape region query size = 2.
[INFO DRT-0033] met5 shape region query size = 6.
[INFO DRT-0165] Start pin access.
[INFO DRT-0078]   Complete 242 pins.
[INFO DRT-0081]   Complete 33 unique inst patterns.
[INFO DRT-0084]   Complete 59 groups.
#scanned instances     = 120
#unique  instances     = 33
#stdCellGenAp          = 817
#stdCellValidPlanarAp  = 0
#stdCellValidViaAp     = 681
#stdCellPinNoAp        = 0
#stdCellPinCnt         = 342
#instTermValidViaApCnt = 0
#macroGenAp            = 0
#macroValidPlanarAp    = 0
#macroValidViaAp       = 0
#macroNoAp             = 0
[INFO DRT-0166] Complete pin access.
[INFO DRT-0267] cpu time = 00:00:11, elapsed time = 00:00:01, memory = 216.34 (MB), peak = 216.34 (MB)

[INFO DRT-0157] Number of guides:     661

[INFO DRT-0169] Post process guides.
[INFO DRT-0176] GCELLGRID X 0 DO 5 STEP 6900 ;
[INFO DRT-0177] GCELLGRID Y 0 DO 5 STEP 6900 ;
[INFO DRT-0028]   Complete FR_MASTERSLICE.
[INFO DRT-0028]   Complete Fr_VIA.
[INFO DRT-0028]   Complete li1.
[INFO DRT-0028]   Complete mcon.
[INFO DRT-0028]   Complete met1.
[INFO DRT-0028]   Complete via.
[INFO DRT-0028]   Complete met2.
[INFO DRT-0028]   Complete via2.
[INFO DRT-0028]   Complete met3.
[INFO DRT-0028]   Complete via3.
[INFO DRT-0028]   Complete met4.
[INFO DRT-0028]   Complete via4.
[INFO DRT-0028]   Complete met5.
[INFO DRT-0178] Init guide query.
[INFO DRT-0035]   Complete FR_MASTERSLICE (guide).
[INFO DRT-0035]   Complete Fr_VIA (guide).
[INFO DRT-0035]   Complete li1 (guide).
[INFO DRT-0035]   Complete mcon (guide).
[INFO DRT-0035]   Complete met1 (guide).
[INFO DRT-0035]   Complete via (guide).
[INFO DRT-0035]   Complete met2 (guide).
[INFO DRT-0035]   Complete via2 (guide).
[INFO DRT-0035]   Complete met3 (guide).
[INFO DRT-0035]   Complete via3 (guide).
[INFO DRT-0035]   Complete met4 (guide).
[INFO DRT-0035]   Complete via4 (guide).
[INFO DRT-0035]   Complete met5 (guide).
[INFO DRT-0036] FR_MASTERSLICE guide region query size = 0.
[INFO DRT-0036] FR_VIA guide region query size = 0.
[INFO DRT-0036] li1 guide region query size = 236.
[INFO DRT-0036] mcon guide region query size = 0.
[INFO DRT-0036] met1 guide region query size = 161.
[INFO DRT-0036] via guide region query size = 0.
[INFO DRT-0036] met2 guide region query size = 79.
[INFO DRT-0036] via2 guide region query size = 0.
[INFO DRT-0036] met3 guide region query size = 13.
[INFO DRT-0036] via3 guide region query size = 0.
[INFO DRT-0036] met4 guide region query size = 0.
[INFO DRT-0036] via4 guide region query size = 0.
[INFO DRT-0036] met5 guide region query size = 0.
[INFO DRT-0179] Init gr pin query.
[INFO DRT-0267] cpu time = 00:00:00, elapsed time = 00:00:00, memory = 216.34 (MB), peak = 216.34 (MB)
[INFO DRT-0245] skipped writing guide updates to database.
[INFO DRT-0181] Start track assignment.
[INFO DRT-0184] Done with 315 vertical wires in 1 frboxes and 174 horizontal wires in 1 frboxes.
[INFO DRT-0186] Done with 16 vertical wires in 1 frboxes and 40 horizontal wires in 1 frboxes.
[INFO DRT-0182] Complete track assignment.
[INFO DRT-0267] cpu time = 00:00:00, elapsed time = 00:00:00, memory = 216.34 (MB), peak = 216.34 (MB)
[INFO DRT-0187] Start routing data preparation.
[INFO DRT-0267] cpu time = 00:00:00, elapsed time = 00:00:00, memory = 216.34 (MB), peak = 216.34 (MB)
[INFO DRT-0194] Start detail routing.
[INFO DRT-0195] Start 0th optimization iteration.
    Completing 100% with 18 violations.
    elapsed time = 00:00:01, memory = 238.34 (MB).
[INFO DRT-0199]   Number of violations = 18.
Viol/Layer        met1
Metal Spacing        3
Short               15
[INFO DRT-0267] cpu time = 00:00:01, elapsed time = 00:00:01, memory = 251.29 (MB), peak = 539.29 (MB)
Total wire length = 1154 um.
Total wire length on LAYER li1 = 0 um.
Total wire length on LAYER met1 = 624 um.
Total wire length on LAYER met2 = 482 um.
Total wire length on LAYER met3 = 47 um.
Total wire length on LAYER met4 = 0 um.
Total wire length on LAYER met5 = 0 um.
Total number of vias = 616.
Up-via summary (total 616):

----------------------
 FR_MASTERSLICE      0
            li1    347
           met1    256
           met2     13
           met3      0
           met4      0
----------------------
               616


[INFO DRT-0195] Start 1st optimization iteration.
    Completing 100% with 19 violations.
    elapsed time = 00:00:01, memory = 251.29 (MB).
[INFO DRT-0199]   Number of violations = 19.
Viol/Layer        met1
Metal Spacing        2
Short               17
[INFO DRT-0267] cpu time = 00:00:01, elapsed time = 00:00:01, memory = 255.41 (MB), peak = 541.41 (MB)
Total wire length = 1158 um.
Total wire length on LAYER li1 = 0 um.
Total wire length on LAYER met1 = 615 um.
Total wire length on LAYER met2 = 490 um.
Total wire length on LAYER met3 = 52 um.
Total wire length on LAYER met4 = 0 um.
Total wire length on LAYER met5 = 0 um.
Total number of vias = 615.
Up-via summary (total 615):

----------------------
 FR_MASTERSLICE      0
            li1    347
           met1    253
           met2     15
           met3      0
           met4      0
----------------------
               615


[INFO DRT-0195] Start 2nd optimization iteration.
    Completing 20% with 19 violations.
    elapsed time = 00:00:00, memory = 255.41 (MB).
    Completing 50% with 18 violations.
    elapsed time = 00:00:00, memory = 255.41 (MB).
    Completing 70% with 18 violations.
    elapsed time = 00:00:00, memory = 255.41 (MB).
    Completing 100% with 16 violations.
    elapsed time = 00:00:00, memory = 255.41 (MB).
[INFO DRT-0199]   Number of violations = 16.
Viol/Layer        met1
Metal Spacing        2
Short               14
[INFO DRT-0267] cpu time = 00:00:00, elapsed time = 00:00:00, memory = 539.43 (MB), peak = 541.41 (MB)
Total wire length = 1161 um.
Total wire length on LAYER li1 = 0 um.
Total wire length on LAYER met1 = 618 um.
Total wire length on LAYER met2 = 494 um.
Total wire length on LAYER met3 = 47 um.
Total wire length on LAYER met4 = 0 um.
Total wire length on LAYER met5 = 0 um.
Total number of vias = 614.
Up-via summary (total 614):

----------------------
 FR_MASTERSLICE      0
            li1    348
           met1    253
           met2     13
           met3      0
           met4      0
----------------------
               614


[INFO DRT-0195] Start 3rd guides tiles iteration.
    Completing 20% with 16 violations.
    elapsed time = 00:00:00, memory = 539.43 (MB).
    Completing 40% with 16 violations.
    elapsed time = 00:00:00, memory = 539.43 (MB).
    Completing 60% with 0 violations.
    elapsed time = 00:00:00, memory = 539.43 (MB).
    Completing 80% with 0 violations.
    elapsed time = 00:00:00, memory = 539.43 (MB).
    Completing 100% with 0 violations.
    elapsed time = 00:00:00, memory = 539.43 (MB).
[INFO DRT-0199]   Number of violations = 0.
[INFO DRT-0267] cpu time = 00:00:00, elapsed time = 00:00:00, memory = 539.43 (MB), peak = 541.41 (MB)
Total wire length = 1169 um.
Total wire length on LAYER li1 = 0 um.
Total wire length on LAYER met1 = 608 um.
Total wire length on LAYER met2 = 498 um.
Total wire length on LAYER met3 = 63 um.
Total wire length on LAYER met4 = 0 um.
Total wire length on LAYER met5 = 0 um.
Total number of vias = 624.
Up-via summary (total 624):

----------------------
 FR_MASTERSLICE      0
            li1    348
           met1    258
           met2     18
           met3      0
           met4      0
----------------------
               624


[INFO DRT-0198] Complete detail routing.
Total wire length = 1169 um.
Total wire length on LAYER li1 = 0 um.
Total wire length on LAYER met1 = 608 um.
Total wire length on LAYER met2 = 498 um.
Total wire length on LAYER met3 = 63 um.
Total wire length on LAYER met4 = 0 um.
Total wire length on LAYER met5 = 0 um.
Total number of vias = 624.
Up-via summary (total 624):

----------------------
 FR_MASTERSLICE      0
            li1    348
           met1    258
           met2     18
           met3      0
           met4      0
----------------------
               624


[INFO DRT-0267] cpu time = 00:00:05, elapsed time = 00:00:04, memory = 539.43 (MB), peak = 541.41 (MB)

[INFO DRT-0180] Post processing.
[INFO DRT-0501] Runtime: 6.00s
Took 6 seconds: detailed_route -output_drc ./reports/sky130hd/alu8/base/5_route_drc.rpt -output_maze ./results/sky130hd/alu8/base/maze.log -droute_end_iter 64 -verbose 1 -drc_report_iter_step 5
[INFO GRT-0012] Found 0 antenna violations.
[INFO ANT-0002] Found 0 net violations.
[INFO ANT-0001] Found 0 pin violations.
[INFO ANT-0002] Found 0 net violations.
[INFO ANT-0001] Found 0 pin violations.
Design area 798 um^2 70% utilization.
write_db ./results/sky130hd/alu8/base/5_2_route.odb
Elapsed time: 0:06.92[h:]min:sec. CPU time: user 16.85 sys 1.17 (260%). Peak memory: 555440KB.
Log                       Ext     Elapsed/s Peak Memory/MB sha1sum result [0:20)
5_2_route                 .odb            6            542 2f00356ad71c92e417d7
