OpenROAD unknown 
Features included (+) or not (-): -GPU +GUI -Python
This program is licensed under the BSD-3 license. See the LICENSE file for details.
Components of this program may be licensed under more restrictive licenses which must be honored.
[INFO ORD-0030] Using 24 thread(s).
read_liberty /OpenROAD-flow-scripts/flow/platforms/sky130hd/lib/sky130_fd_sc_hd__tt_025C_1v80.lib
read_db ./results/sky130hd/multiplier8/base/5_1_grt.odb
read_sdc ./results/sky130hd/multiplier8/base/5_1_grt.sdc
source /OpenROAD-flow-scripts/flow/platforms/sky130hd/setRC.tcl
[WARNING STA-0450] virtual clock vclk can not be propagated.
detailed_route -output_drc ./reports/sky130hd/multiplier8/base/5_route_drc.rpt -output_maze ./results/sky130hd/multiplier8/base/maze.log -droute_end_iter 64 -verbose 1 -drc_report_iter_step 5
[INFO DRT-0149] Reading tech and libs.
[WARNING DRT-0349] LEF58_ENCLOSURE with no CUTCLASS is not supported. Skipping for layer mcon
[WARNING DRT-0349] LEF58_ENCLOSURE with no CUTCLASS is not supported. Skipping for layer mcon
[WARNING DRT-0349] LEF58_ENCLOSURE with no CUTCLASS is not supported. Skipping for layer via
[WARNING DRT-0349] LEF58_ENCLOSURE with no CUTCLASS is not supported. Skipping for layer via
[WARNING DRT-0349] LEF58_ENCLOSURE with no CUTCLASS is not supported. Skipping for layer via2
[WARNING DRT-0349] LEF58_ENCLOSURE with no CUTCLASS is not supported. Skipping for layer via2
[WARNING DRT-0349] LEF58_ENCLOSURE with no CUTCLASS is not supported. Skipping for layer via3
[WARNING DRT-0349] LEF58_ENCLOSURE with no CUTCLASS is not supported. Skipping for layer via3
[WARNING DRT-0349] LEF58_ENCLOSURE with no CUTCLASS is not supported. Skipping for layer via4
[WARNING DRT-0349] LEF58_ENCLOSURE with no CUTCLASS is not supported. Skipping for layer via4

Units:                1000
Number of layers:     13
Number of macros:     441
Number of vias:       29
Number of viarulegen: 25

[INFO DRT-0150] Reading design.

Design:                   multiplier8
Die area:                 ( 0 0 ) ( 71630 71630 )
Number of track patterns: 12
Number of DEF vias:       0
Number of components:     332
Number of terminals:      34
Number of snets:          2
Number of nets:           296

[INFO DRT-0167] List of default vias:
  Layer via
    default via: M1M2_PR
  Layer via2
    default via: M2M3_PR
  Layer via3
    default via: M3M4_PR
  Layer via4
    default via: M4M5_PR
[INFO DRT-0162] Library cell analysis.
[INFO DRT-0163] Instance analysis.
[INFO DRT-0164] Number of unique instances = 49.
[INFO DRT-0168] Init region query.
[INFO DRT-0024]   Complete FR_MASTERSLICE.
[INFO DRT-0024]   Complete Fr_VIA.
[INFO DRT-0024]   Complete li1.
[INFO DRT-0024]   Complete mcon.
[INFO DRT-0024]   Complete met1.
[INFO DRT-0024]   Complete via.
[INFO DRT-0024]   Complete met2.
[INFO DRT-0024]   Complete via2.
[INFO DRT-0024]   Complete met3.
[INFO DRT-0024]   Complete via3.
[INFO DRT-0024]   Complete met4.
[INFO DRT-0024]   Complete via4.
[INFO DRT-0024]   Complete met5.
[INFO DRT-0033] FR_MASTERSLICE shape region query size = 0.
[INFO DRT-0033] FR_VIA shape region query size = 0.
[INFO DRT-0033] li1 shape region query size = 6997.
[INFO DRT-0033] mcon shape region query size = 3835.
[INFO DRT-0033] met1 shape region query size = 922.
[INFO DRT-0033] via shape region query size = 315.
[INFO DRT-0033] met2 shape region query size = 203.
[INFO DRT-0033] via2 shape region query size = 252.
[INFO DRT-0033] met3 shape region query size = 207.
[INFO DRT-0033] via3 shape region query size = 252.
[INFO DRT-0033] met4 shape region query size = 78.
[INFO DRT-0033] via4 shape region query size = 10.
[INFO DRT-0033] met5 shape region query size = 18.
[INFO DRT-0165] Start pin access.
[INFO DRT-0078]   Complete 368 pins.
[INFO DRT-0081]   Complete 49 unique inst patterns.
[INFO DRT-0084]   Complete 172 groups.
#scanned instances     = 332
#unique  instances     = 49
#stdCellGenAp          = 1252
#stdCellValidPlanarAp  = 0
#stdCellValidViaAp     = 1021
#stdCellPinNoAp        = 0
#stdCellPinCnt         = 915
#instTermValidViaApCnt = 0
#macroGenAp            = 0
#macroValidPlanarAp    = 0
#macroValidViaAp       = 0
#macroNoAp             = 0
[INFO DRT-0166] Complete pin access.
[INFO DRT-0267] cpu time = 00:00:30, elapsed time = 00:00:03, memory = 217.97 (MB), peak = 217.97 (MB)

[INFO DRT-0157] Number of guides:     1799

[INFO DRT-0169] Post process guides.
[INFO DRT-0176] GCELLGRID X 0 DO 10 STEP 6900 ;
[INFO DRT-0177] GCELLGRID Y 0 DO 10 STEP 6900 ;
[INFO DRT-0028]   Complete FR_MASTERSLICE.
[INFO DRT-0028]   Complete Fr_VIA.
[INFO DRT-0028]   Complete li1.
[INFO DRT-0028]   Complete mcon.
[INFO DRT-0028]   Complete met1.
[INFO DRT-0028]   Complete via.
[INFO DRT-0028]   Complete met2.
[INFO DRT-0028]   Complete via2.
[INFO DRT-0028]   Complete met3.
[INFO DRT-0028]   Complete via3.
[INFO DRT-0028]   Complete met4.
[INFO DRT-0028]   Complete via4.
[INFO DRT-0028]   Complete met5.
[INFO DRT-0178] Init guide query.
[INFO DRT-0035]   Complete FR_MASTERSLICE (guide).
[INFO DRT-0035]   Complete Fr_VIA (guide).
[INFO DRT-0035]   Complete li1 (guide).
[INFO DRT-0035]   Complete mcon (guide).
[INFO DRT-0035]   Complete met1 (guide).
[INFO DRT-0035]   Complete via (guide).
[INFO DRT-0035]   Complete met2 (guide).
[INFO DRT-0035]   Complete via2 (guide).
[INFO DRT-0035]   Complete met3 (guide).
[INFO DRT-0035]   Complete via3 (guide).
[INFO DRT-0035]   Complete met4 (guide).
[INFO DRT-0035]   Complete via4 (guide).
[INFO DRT-0035]   Complete met5 (guide).
[INFO DRT-0036] FR_MASTERSLICE guide region query size = 0.
[INFO DRT-0036] FR_VIA guide region query size = 0.
[INFO DRT-0036] li1 guide region query size = 661.
[INFO DRT-0036] mcon guide region query size = 0.
[INFO DRT-0036] met1 guide region query size = 501.
[INFO DRT-0036] via guide region query size = 0.
[INFO DRT-0036] met2 guide region query size = 236.
[INFO DRT-0036] via2 guide region query size = 0.
[INFO DRT-0036] met3 guide region query size = 20.
[INFO DRT-0036] via3 guide region query size = 0.
[INFO DRT-0036] met4 guide region query size = 1.
[INFO DRT-0036] via4 guide region query size = 0.
[INFO DRT-0036] met5 guide region query size = 0.
[INFO DRT-0179] Init gr pin query.
[INFO DRT-0267] cpu time = 00:00:00, elapsed time = 00:00:00, memory = 217.97 (MB), peak = 217.97 (MB)
[INFO DRT-0245] skipped writing guide updates to database.
[INFO DRT-0181] Start track assignment.
[INFO DRT-0184] Done with 898 vertical wires in 1 frboxes and 521 horizontal wires in 1 frboxes.
[INFO DRT-0186] Done with 63 vertical wires in 1 frboxes and 138 horizontal wires in 1 frboxes.
[INFO DRT-0182] Complete track assignment.
[INFO DRT-0267] cpu time = 00:00:00, elapsed time = 00:00:00, memory = 217.97 (MB), peak = 217.97 (MB)
[INFO DRT-0187] Start routing data preparation.
[INFO DRT-0267] cpu time = 00:00:00, elapsed time = 00:00:00, memory = 217.97 (MB), peak = 217.97 (MB)
[INFO DRT-0194] Start detail routing.
[INFO DRT-0195] Start 0th optimization iteration.
    Completing 20% with 0 violations.
    elapsed time = 00:00:03, memory = 255.97 (MB).
    Completing 50% with 29 violations.
    elapsed time = 00:00:03, memory = 255.97 (MB).
    Completing 70% with 33 violations.
    elapsed time = 00:00:05, memory = 255.97 (MB).
    Completing 100% with 49 violations.
    elapsed time = 00:00:05, memory = 255.97 (MB).
[INFO DRT-0199]   Number of violations = 51.
Viol/Layer        met1   met2
Metal Spacing        6      1
Recheck              2      0
Short               42      0
[INFO DRT-0267] cpu time = 00:00:05, elapsed time = 00:00:05, memory = 262.84 (MB), peak = 544.84 (MB)
Total wire length = 4108 um.
Total wire length on LAYER li1 = 0 um.
Total wire length on LAYER met1 = 2190 um.
Total wire length on LAYER met2 = 1804 um.
Total wire length on LAYER met3 = 91 um.
Total wire length on LAYER met4 = 21 um.
Total wire length on LAYER met5 = 0 um.
Total number of vias = 1705.
Up-via summary (total 1705):

-----------------------
 FR_MASTERSLICE       0
            li1     933
           met1     748
           met2      22
           met3       2
           met4       0
-----------------------
               1705


[INFO DRT-0195] Start 1st optimization iteration.
    Completing 20% with 51 violations.
    elapsed time = 00:00:01, memory = 262.84 (MB).
    Completing 50% with 53 violations.
    elapsed time = 00:00:02, memory = 262.84 (MB).
    Completing 70% with 73 violations.
    elapsed time = 00:00:03, memory = 262.84 (MB).
    Completing 100% with 38 violations.
    elapsed time = 00:00:03, memory = 262.84 (MB).
[INFO DRT-0199]   Number of violations = 38.
Viol/Layer        met1   met2
Metal Spacing       12      1
Short               25      0
[INFO DRT-0267] cpu time = 00:00:04, elapsed time = 00:00:04, memory = 266.84 (MB), peak = 546.84 (MB)
Total wire length = 4059 um.
Total wire length on LAYER li1 = 0 um.
Total wire length on LAYER met1 = 2151 um.
Total wire length on LAYER met2 = 1794 um.
Total wire length on LAYER met3 = 86 um.
Total wire length on LAYER met4 = 27 um.
Total wire length on LAYER met5 = 0 um.
Total number of vias = 1697.
Up-via summary (total 1697):

-----------------------
 FR_MASTERSLICE       0
            li1     929
           met1     745
           met2      21
           met3       2
           met4       0
-----------------------
               1697


[INFO DRT-0195] Start 2nd optimization iteration.
    Completing 10% with 38 violations.
    elapsed time = 00:00:00, memory = 266.84 (MB).
    Completing 20% with 38 violations.
    elapsed time = 00:00:00, memory = 266.84 (MB).
    Completing 30% with 38 violations.
    elapsed time = 00:00:00, memory = 266.84 (MB).
    Completing 40% with 38 violations.
    elapsed time = 00:00:00, memory = 266.84 (MB).
    Completing 50% with 36 violations.
    elapsed time = 00:00:00, memory = 266.84 (MB).
    Completing 60% with 36 violations.
    elapsed time = 00:00:00, memory = 266.84 (MB).
    Completing 70% with 36 violations.
    elapsed time = 00:00:00, memory = 266.84 (MB).
    Completing 80% with 36 violations.
    elapsed time = 00:00:00, memory = 266.84 (MB).
    Completing 100% with 18 violations.
    elapsed time = 00:00:06, memory = 274.84 (MB).
[INFO DRT-0199]   Number of violations = 18.
Viol/Layer        met1   met2
Metal Spacing        3      1
Short               14      0
[INFO DRT-0267] cpu time = 00:00:06, elapsed time = 00:00:06, memory = 278.99 (MB), peak = 552.99 (MB)
Total wire length = 4024 um.
Total wire length on LAYER li1 = 0 um.
Total wire length on LAYER met1 = 2079 um.
Total wire length on LAYER met2 = 1816 um.
Total wire length on LAYER met3 = 102 um.
Total wire length on LAYER met4 = 27 um.
Total wire length on LAYER met5 = 0 um.
Total number of vias = 1706.
Up-via summary (total 1706):

-----------------------
 FR_MASTERSLICE       0
            li1     928
           met1     754
           met2      22
           met3       2
           met4       0
-----------------------
               1706


[INFO DRT-0195] Start 3rd guides tiles iteration.
    Completing 10% with 18 violations.
    elapsed time = 00:00:00, memory = 278.99 (MB).
    Completing 30% with 18 violations.
    elapsed time = 00:00:00, memory = 278.99 (MB).
    Completing 50% with 18 violations.
    elapsed time = 00:00:00, memory = 278.99 (MB).
    Completing 60% with 0 violations.
    elapsed time = 00:00:00, memory = 278.99 (MB).
    Completing 80% with 0 violations.
    elapsed time = 00:00:00, memory = 278.99 (MB).
    Completing 100% with 0 violations.
    elapsed time = 00:00:00, memory = 278.99 (MB).
[INFO DRT-0199]   Number of violations = 0.
[INFO DRT-0267] cpu time = 00:00:00, elapsed time = 00:00:00, memory = 553.00 (MB), peak = 553.00 (MB)
Total wire length = 4034 um.
Total wire length on LAYER li1 = 0 um.
Total wire length on LAYER met1 = 2077 um.
Total wire length on LAYER met2 = 1822 um.
Total wire length on LAYER met3 = 106 um.
Total wire length on LAYER met4 = 27 um.
Total wire length on LAYER met5 = 0 um.
Total number of vias = 1722.
Up-via summary (total 1722):

-----------------------
 FR_MASTERSLICE       0
            li1     928
           met1     768
           met2      24
           met3       2
           met4       0
-----------------------
               1722


[INFO DRT-0198] Complete detail routing.
Total wire length = 4034 um.
Total wire length on LAYER li1 = 0 um.
Total wire length on LAYER met1 = 2077 um.
Total wire length on LAYER met2 = 1822 um.
Total wire length on LAYER met3 = 106 um.
Total wire length on LAYER met4 = 27 um.
Total wire length on LAYER met5 = 0 um.
Total number of vias = 1722.
Up-via summary (total 1722):

-----------------------
 FR_MASTERSLICE       0
            li1     928
           met1     768
           met2      24
           met3       2
           met4       0
-----------------------
               1722


[INFO DRT-0267] cpu time = 00:00:17, elapsed time = 00:00:16, memory = 553.00 (MB), peak = 553.00 (MB)

[INFO DRT-0180] Post processing.
[INFO DRT-0501] Runtime: 20.70s
Took 21 seconds: detailed_route -output_drc ./reports/sky130hd/multiplier8/base/5_route_drc.rpt -output_maze ./results/sky130hd/multiplier8/base/maze.log -droute_end_iter 64 -verbose 1 -drc_report_iter_step 5
[INFO GRT-0012] Found 0 antenna violations.
[INFO ANT-0002] Found 0 net violations.
[INFO ANT-0001] Found 0 pin violations.
[INFO ANT-0002] Found 0 net violations.
[INFO ANT-0001] Found 0 pin violations.
Design area 2325 um^2 52% utilization.
write_db ./results/sky130hd/multiplier8/base/5_2_route.odb
Elapsed time: 0:22.11[h:]min:sec. CPU time: user 48.43 sys 2.43 (230%). Peak memory: 569620KB.
Log                       Ext     Elapsed/s Peak Memory/MB sha1sum result [0:20)
5_2_route                 .odb           22            556 3ddab87ec11187d46ff7
