OpenROAD unknown 
Features included (+) or not (-): -GPU +GUI -Python
This program is licensed under the BSD-3 license. See the LICENSE file for details.
Components of this program may be licensed under more restrictive licenses which must be honored.
[INFO ORD-0030] Using 24 thread(s).
read_liberty /OpenROAD-flow-scripts/flow/platforms/sky130hd/lib/sky130_fd_sc_hd__tt_025C_1v80.lib
read_db ./results/sky130hd/multiplier8/base/6_1_fill.odb
read_sdc ./results/sky130hd/multiplier8/base/6_1_fill.sdc
source /OpenROAD-flow-scripts/flow/platforms/sky130hd/setRC.tcl
[WARNING STA-0450] virtual clock vclk can not be propagated.
write_db ./results/sky130hd/multiplier8/base/6_final.odb
write_sdc -no_timestamp ./results/sky130hd/multiplier8/base/6_final.sdc
Deleted 0 routing obstructions
Warning: master sky130_ef_sc_hd__decap_12 has signal pins but no liberty cell
Warning: master sky130_ef_sc_hd__decap_12 has signal pins but no liberty cell
Global output passed lec test
[INFO RCX-0431] Defined process_corner X with ext_model_index 0
[INFO RCX-0029] Defined extraction corner X
[INFO RCX-0435] Reading extraction model file /OpenROAD-flow-scripts/flow/platforms/sky130hd/rcx_patterns.rules ...
[INFO RCX-0436] RC segment generation multiplier8 (max_merge_res 50.0) ...
[INFO RCX-0040] Final 993 rc segments
[INFO RCX-0439] Coupling Cap extraction multiplier8 ...
[INFO RCX-0440] Coupling threshhold is 0.1000 fF, coupling capacitance less than 0.1000 fF will be grounded.
[INFO RCX-0442] 54% of 1748 wires extracted
[INFO RCX-0442] 100% of 1748 wires extracted
[INFO RCX-0045] Extract 296 nets, 1289 rsegs, 1289 caps, 1542 ccs
[INFO RCX-0443] 296 nets finished
[INFO PSM-0040] All shapes on net VDD are connected.
########## IR report #################
Net              : VDD
Corner           : default
Total power      : 1.86e-04 W
Supply voltage   : 1.80e+00 V
Worstcase voltage: 1.80e+00 V
Average voltage  : 1.80e+00 V
Average IR drop  : 1.34e-05 V
Worstcase IR drop: 4.09e-05 V
Percentage drop  : 0.00 %
######################################
[INFO PSM-0040] All shapes on net VSS are connected.
########## IR report #################
Net              : VSS
Corner           : default
Total power      : 1.86e-04 W
Supply voltage   : 0.00e+00 V
Worstcase voltage: 3.58e-05 V
Average voltage  : 8.27e-06 V
Average IR drop  : 8.27e-06 V
Worstcase IR drop: 3.58e-05 V
Percentage drop  : 0.00 %
######################################
Cell type report:                       Count       Area
  Fill cell                               447    2179.59
  Tap cell                                 52      65.06
  Timing Repair Buffer                     32     320.31
  Inverter                                  2       7.51
  Multi-Input combinational cell          246    1931.85
  Total                                   779    4504.32
Report metrics stage 6, finish...
No registers in design

==========================================================================
finish report_design_area
--------------------------------------------------------------------------
Design area 2325 um^2 52% utilization.
[WARNING GUI-0010] File path does not end with a valid extension, new path is: ./reports/sky130hd/multiplier8/base/final_all.webp.png
[WARNING GUI-0010] File path does not end with a valid extension, new path is: ./reports/sky130hd/multiplier8/base/final_routing.webp.png
[WARNING GUI-0010] File path does not end with a valid extension, new path is: ./reports/sky130hd/multiplier8/base/final_placement.webp.png
[WARNING GUI-0010] File path does not end with a valid extension, new path is: ./reports/sky130hd/multiplier8/base/final_ir_drop.webp.png
[WARNING GUI-0010] File path does not end with a valid extension, new path is: ./reports/sky130hd/multiplier8/base/final_clocks.webp.png
[WARNING GUI-0010] File path does not end with a valid extension, new path is: ./reports/sky130hd/multiplier8/base/final_resizer.webp.png
[WARNING GUI-0010] File path does not end with a valid extension, new path is: ./reports/sky130hd/multiplier8/base/final_congestion.webp.png
[WARNING GUI-0010] File path does not end with a valid extension, new path is: ./reports/sky130hd/multiplier8/base/final_worst_path.webp.png
Elapsed time: 0:04.80[h:]min:sec. CPU time: user 4.02 sys 0.96 (103%). Peak memory: 163504KB.
Log                       Ext     Elapsed/s Peak Memory/MB sha1sum result [0:20)
6_report                                  4            159                  N/A
