OpenROAD unknown 
Features included (+) or not (-): -GPU +GUI -Python
This program is licensed under the BSD-3 license. See the LICENSE file for details.
Components of this program may be licensed under more restrictive licenses which must be honored.
[INFO ORD-0030] Using 24 thread(s).
read_liberty /OpenROAD-flow-scripts/flow/platforms/sky130hd/lib/sky130_fd_sc_hd__tt_025C_1v80.lib
read_db ./results/sky130hd/adder32/base/5_1_grt.odb
read_sdc ./results/sky130hd/adder32/base/5_1_grt.sdc
source /OpenROAD-flow-scripts/flow/platforms/sky130hd/setRC.tcl
detailed_route -output_drc ./reports/sky130hd/adder32/base/5_route_drc.rpt -output_maze ./results/sky130hd/adder32/base/maze.log -droute_end_iter 64 -verbose 1 -drc_report_iter_step 5
[INFO DRT-0149] Reading tech and libs.
[WARNING DRT-0349] LEF58_ENCLOSURE with no CUTCLASS is not supported. Skipping for layer mcon
[WARNING DRT-0349] LEF58_ENCLOSURE with no CUTCLASS is not supported. Skipping for layer mcon
[WARNING DRT-0349] LEF58_ENCLOSURE with no CUTCLASS is not supported. Skipping for layer via
[WARNING DRT-0349] LEF58_ENCLOSURE with no CUTCLASS is not supported. Skipping for layer via
[WARNING DRT-0349] LEF58_ENCLOSURE with no CUTCLASS is not supported. Skipping for layer via2
[WARNING DRT-0349] LEF58_ENCLOSURE with no CUTCLASS is not supported. Skipping for layer via2
[WARNING DRT-0349] LEF58_ENCLOSURE with no CUTCLASS is not supported. Skipping for layer via3
[WARNING DRT-0349] LEF58_ENCLOSURE with no CUTCLASS is not supported. Skipping for layer via3
[WARNING DRT-0349] LEF58_ENCLOSURE with no CUTCLASS is not supported. Skipping for layer via4
[WARNING DRT-0349] LEF58_ENCLOSURE with no CUTCLASS is not supported. Skipping for layer via4

Units:                1000
Number of layers:     13
Number of macros:     441
Number of vias:       29
Number of viarulegen: 25

[INFO DRT-0150] Reading design.

Design:                   adder32
Die area:                 ( 0 0 ) ( 81900 81900 )
Number of track patterns: 12
Number of DEF vias:       0
Number of components:     433
Number of terminals:      101
Number of snets:          2
Number of nets:           454

[INFO DRT-0167] List of default vias:
  Layer via
    default via: M1M2_PR
  Layer via2
    default via: M2M3_PR
  Layer via3
    default via: M3M4_PR
  Layer via4
    default via: M4M5_PR
[INFO DRT-0162] Library cell analysis.
[INFO DRT-0163] Instance analysis.
[INFO DRT-0164] Number of unique instances = 70.
[INFO DRT-0168] Init region query.
[INFO DRT-0024]   Complete FR_MASTERSLICE.
[INFO DRT-0024]   Complete Fr_VIA.
[INFO DRT-0024]   Complete li1.
[INFO DRT-0024]   Complete mcon.
[INFO DRT-0024]   Complete met1.
[INFO DRT-0024]   Complete via.
[INFO DRT-0024]   Complete met2.
[INFO DRT-0024]   Complete via2.
[INFO DRT-0024]   Complete met3.
[INFO DRT-0024]   Complete via3.
[INFO DRT-0024]   Complete met4.
[INFO DRT-0024]   Complete via4.
[INFO DRT-0024]   Complete met5.
[INFO DRT-0033] FR_MASTERSLICE shape region query size = 0.
[INFO DRT-0033] FR_VIA shape region query size = 0.
[INFO DRT-0033] li1 shape region query size = 10811.
[INFO DRT-0033] mcon shape region query size = 6190.
[INFO DRT-0033] met1 shape region query size = 1449.
[INFO DRT-0033] via shape region query size = 365.
[INFO DRT-0033] met2 shape region query size = 268.
[INFO DRT-0033] via2 shape region query size = 292.
[INFO DRT-0033] met3 shape region query size = 269.
[INFO DRT-0033] via3 shape region query size = 292.
[INFO DRT-0033] met4 shape region query size = 91.
[INFO DRT-0033] via4 shape region query size = 13.
[INFO DRT-0033] met5 shape region query size = 23.
[INFO DRT-0165] Start pin access.
[INFO DRT-0078]   Complete 550 pins.
[INFO DRT-0081]   Complete 70 unique inst patterns.
[INFO DRT-0084]   Complete 232 groups.
#scanned instances     = 433
#unique  instances     = 70
#stdCellGenAp          = 2511
#stdCellValidPlanarAp  = 21
#stdCellValidViaAp     = 1670
#stdCellPinNoAp        = 3
#stdCellPinCnt         = 1175
#instTermValidViaApCnt = 0
#macroGenAp            = 0
#macroValidPlanarAp    = 0
#macroValidViaAp       = 0
#macroNoAp             = 0
[INFO DRT-0166] Complete pin access.
[INFO DRT-0267] cpu time = 00:00:26, elapsed time = 00:00:05, memory = 219.44 (MB), peak = 219.44 (MB)

[INFO DRT-0157] Number of guides:     2504

[INFO DRT-0169] Post process guides.
[INFO DRT-0176] GCELLGRID X 0 DO 11 STEP 6900 ;
[INFO DRT-0177] GCELLGRID Y 0 DO 11 STEP 6900 ;
[INFO DRT-0028]   Complete FR_MASTERSLICE.
[INFO DRT-0028]   Complete Fr_VIA.
[INFO DRT-0028]   Complete li1.
[INFO DRT-0028]   Complete mcon.
[INFO DRT-0028]   Complete met1.
[INFO DRT-0028]   Complete via.
[INFO DRT-0028]   Complete met2.
[INFO DRT-0028]   Complete via2.
[INFO DRT-0028]   Complete met3.
[INFO DRT-0028]   Complete via3.
[INFO DRT-0028]   Complete met4.
[INFO DRT-0028]   Complete via4.
[INFO DRT-0028]   Complete met5.
[INFO DRT-0178] Init guide query.
[INFO DRT-0035]   Complete FR_MASTERSLICE (guide).
[INFO DRT-0035]   Complete Fr_VIA (guide).
[INFO DRT-0035]   Complete li1 (guide).
[INFO DRT-0035]   Complete mcon (guide).
[INFO DRT-0035]   Complete met1 (guide).
[INFO DRT-0035]   Complete via (guide).
[INFO DRT-0035]   Complete met2 (guide).
[INFO DRT-0035]   Complete via2 (guide).
[INFO DRT-0035]   Complete met3 (guide).
[INFO DRT-0035]   Complete via3 (guide).
[INFO DRT-0035]   Complete met4 (guide).
[INFO DRT-0035]   Complete via4 (guide).
[INFO DRT-0035]   Complete met5 (guide).
[INFO DRT-0036] FR_MASTERSLICE guide region query size = 0.
[INFO DRT-0036] FR_VIA guide region query size = 0.
[INFO DRT-0036] li1 guide region query size = 853.
[INFO DRT-0036] mcon guide region query size = 0.
[INFO DRT-0036] met1 guide region query size = 655.
[INFO DRT-0036] via guide region query size = 0.
[INFO DRT-0036] met2 guide region query size = 323.
[INFO DRT-0036] via2 guide region query size = 0.
[INFO DRT-0036] met3 guide region query size = 61.
[INFO DRT-0036] via3 guide region query size = 0.
[INFO DRT-0036] met4 guide region query size = 6.
[INFO DRT-0036] via4 guide region query size = 0.
[INFO DRT-0036] met5 guide region query size = 0.
[INFO DRT-0179] Init gr pin query.
[INFO DRT-0267] cpu time = 00:00:00, elapsed time = 00:00:00, memory = 221.44 (MB), peak = 221.44 (MB)
[INFO DRT-0245] skipped writing guide updates to database.
[INFO DRT-0181] Start track assignment.
[INFO DRT-0184] Done with 1182 vertical wires in 1 frboxes and 716 horizontal wires in 1 frboxes.
[INFO DRT-0186] Done with 80 vertical wires in 1 frboxes and 147 horizontal wires in 1 frboxes.
[INFO DRT-0182] Complete track assignment.
[INFO DRT-0267] cpu time = 00:00:00, elapsed time = 00:00:00, memory = 223.44 (MB), peak = 223.44 (MB)
[INFO DRT-0187] Start routing data preparation.
[INFO DRT-0267] cpu time = 00:00:00, elapsed time = 00:00:00, memory = 223.44 (MB), peak = 223.44 (MB)
[INFO DRT-0194] Start detail routing.
[INFO DRT-0195] Start 0th optimization iteration.
    Completing 20% with 0 violations.
    elapsed time = 00:00:00, memory = 260.32 (MB).
    Completing 50% with 9 violations.
    elapsed time = 00:00:01, memory = 260.32 (MB).
    Completing 70% with 29 violations.
    elapsed time = 00:00:01, memory = 260.32 (MB).
    Completing 100% with 54 violations.
    elapsed time = 00:00:02, memory = 260.32 (MB).
[INFO DRT-0199]   Number of violations = 69.
Viol/Layer        met1   met2
Metal Spacing        9      4
Recheck             12      3
Short               40      1
[INFO DRT-0267] cpu time = 00:00:02, elapsed time = 00:00:02, memory = 272.69 (MB), peak = 550.69 (MB)
Total wire length = 5733 um.
Total wire length on LAYER li1 = 0 um.
Total wire length on LAYER met1 = 2824 um.
Total wire length on LAYER met2 = 2499 um.
Total wire length on LAYER met3 = 316 um.
Total wire length on LAYER met4 = 93 um.
Total wire length on LAYER met5 = 0 um.
Total number of vias = 2259.
Up-via summary (total 2259):

-----------------------
 FR_MASTERSLICE       0
            li1    1151
           met1    1034
           met2      65
           met3       9
           met4       0
-----------------------
               2259


[INFO DRT-0195] Start 1st optimization iteration.
    Completing 20% with 69 violations.
    elapsed time = 00:00:00, memory = 272.69 (MB).
    Completing 50% with 67 violations.
    elapsed time = 00:00:01, memory = 272.69 (MB).
    Completing 70% with 65 violations.
    elapsed time = 00:00:01, memory = 272.69 (MB).
    Completing 100% with 25 violations.
    elapsed time = 00:00:02, memory = 270.69 (MB).
[INFO DRT-0199]   Number of violations = 25.
Viol/Layer        met1   met2
Metal Spacing        6      1
Short               18      0
[INFO DRT-0267] cpu time = 00:00:02, elapsed time = 00:00:02, memory = 274.75 (MB), peak = 552.75 (MB)
Total wire length = 5732 um.
Total wire length on LAYER li1 = 0 um.
Total wire length on LAYER met1 = 2818 um.
Total wire length on LAYER met2 = 2513 um.
Total wire length on LAYER met3 = 322 um.
Total wire length on LAYER met4 = 78 um.
Total wire length on LAYER met5 = 0 um.
Total number of vias = 2285.
Up-via summary (total 2285):

-----------------------
 FR_MASTERSLICE       0
            li1    1154
           met1    1058
           met2      66
           met3       7
           met4       0
-----------------------
               2285


[INFO DRT-0195] Start 2nd optimization iteration.
    Completing 10% with 25 violations.
    elapsed time = 00:00:00, memory = 274.75 (MB).
    Completing 20% with 25 violations.
    elapsed time = 00:00:00, memory = 274.75 (MB).
    Completing 30% with 25 violations.
    elapsed time = 00:00:00, memory = 274.75 (MB).
    Completing 40% with 25 violations.
    elapsed time = 00:00:00, memory = 274.75 (MB).
    Completing 50% with 25 violations.
    elapsed time = 00:00:00, memory = 274.75 (MB).
    Completing 60% with 25 violations.
    elapsed time = 00:00:00, memory = 274.75 (MB).
    Completing 70% with 21 violations.
    elapsed time = 00:00:00, memory = 274.75 (MB).
    Completing 80% with 21 violations.
    elapsed time = 00:00:00, memory = 274.75 (MB).
    Completing 100% with 62 violations.
    elapsed time = 00:00:02, memory = 296.75 (MB).
[INFO DRT-0199]   Number of violations = 62.
Viol/Layer        met1   met2
Metal Spacing       13      8
Short               39      2
[INFO DRT-0267] cpu time = 00:00:02, elapsed time = 00:00:02, memory = 302.75 (MB), peak = 558.75 (MB)
Total wire length = 5730 um.
Total wire length on LAYER li1 = 0 um.
Total wire length on LAYER met1 = 2843 um.
Total wire length on LAYER met2 = 2509 um.
Total wire length on LAYER met3 = 304 um.
Total wire length on LAYER met4 = 73 um.
Total wire length on LAYER met5 = 0 um.
Total number of vias = 2262.
Up-via summary (total 2262):

-----------------------
 FR_MASTERSLICE       0
            li1    1155
           met1    1040
           met2      60
           met3       7
           met4       0
-----------------------
               2262


[INFO DRT-0195] Start 3rd guides tiles iteration.
    Completing 10% with 62 violations.
    elapsed time = 00:00:00, memory = 302.75 (MB).
    Completing 20% with 62 violations.
    elapsed time = 00:00:00, memory = 302.75 (MB).
    Completing 30% with 1 violations.
    elapsed time = 00:00:00, memory = 302.75 (MB).
    Completing 50% with 1 violations.
    elapsed time = 00:00:00, memory = 302.75 (MB).
    Completing 60% with 1 violations.
    elapsed time = 00:00:00, memory = 302.75 (MB).
    Completing 70% with 1 violations.
    elapsed time = 00:00:00, memory = 302.75 (MB).
    Completing 80% with 1 violations.
    elapsed time = 00:00:00, memory = 302.75 (MB).
    Completing 100% with 0 violations.
    elapsed time = 00:00:00, memory = 302.75 (MB).
[INFO DRT-0199]   Number of violations = 0.
[INFO DRT-0267] cpu time = 00:00:00, elapsed time = 00:00:00, memory = 558.82 (MB), peak = 558.82 (MB)
Total wire length = 5706 um.
Total wire length on LAYER li1 = 0 um.
Total wire length on LAYER met1 = 2706 um.
Total wire length on LAYER met2 = 2527 um.
Total wire length on LAYER met3 = 398 um.
Total wire length on LAYER met4 = 73 um.
Total wire length on LAYER met5 = 0 um.
Total number of vias = 2291.
Up-via summary (total 2291):

-----------------------
 FR_MASTERSLICE       0
            li1    1156
           met1    1049
           met2      79
           met3       7
           met4       0
-----------------------
               2291


[INFO DRT-0198] Complete detail routing.
Total wire length = 5706 um.
Total wire length on LAYER li1 = 0 um.
Total wire length on LAYER met1 = 2706 um.
Total wire length on LAYER met2 = 2527 um.
Total wire length on LAYER met3 = 398 um.
Total wire length on LAYER met4 = 73 um.
Total wire length on LAYER met5 = 0 um.
Total number of vias = 2291.
Up-via summary (total 2291):

-----------------------
 FR_MASTERSLICE       0
            li1    1156
           met1    1049
           met2      79
           met3       7
           met4       0
-----------------------
               2291


[INFO DRT-0267] cpu time = 00:00:08, elapsed time = 00:00:08, memory = 558.82 (MB), peak = 558.82 (MB)

[INFO DRT-0180] Post processing.
[INFO DRT-0501] Runtime: 14.00s
Took 14 seconds: detailed_route -output_drc ./reports/sky130hd/adder32/base/5_route_drc.rpt -output_maze ./results/sky130hd/adder32/base/maze.log -droute_end_iter 64 -verbose 1 -drc_report_iter_step 5
[INFO GRT-0012] Found 0 antenna violations.
[INFO ANT-0002] Found 0 net violations.
[INFO ANT-0001] Found 0 pin violations.
[INFO ANT-0002] Found 0 net violations.
[INFO ANT-0001] Found 0 pin violations.
Design area 3681 um^2 61% utilization.
write_db ./results/sky130hd/adder32/base/5_2_route.odb
Elapsed time: 0:14.43[h:]min:sec. CPU time: user 35.28 sys 0.70 (249%). Peak memory: 575576KB.
Log                       Ext     Elapsed/s Peak Memory/MB sha1sum result [0:20)
5_2_route                 .odb           14            562 e91e183e6fa2eb68382f
