OpenROAD unknown 
Features included (+) or not (-): -GPU +GUI -Python
This program is licensed under the BSD-3 license. See the LICENSE file for details.
Components of this program may be licensed under more restrictive licenses which must be honored.
[INFO ORD-0030] Using 24 thread(s).
read_liberty /OpenROAD-flow-scripts/flow/platforms/sky130hd/lib/sky130_fd_sc_hd__tt_025C_1v80.lib
read_db ./results/sky130hd/adder32/base/6_1_fill.odb
read_sdc ./results/sky130hd/adder32/base/6_1_fill.sdc
source /OpenROAD-flow-scripts/flow/platforms/sky130hd/setRC.tcl
write_db ./results/sky130hd/adder32/base/6_final.odb
write_sdc -no_timestamp ./results/sky130hd/adder32/base/6_final.sdc
Deleted 0 routing obstructions
Warning: master sky130_ef_sc_hd__decap_12 has signal pins but no liberty cell
Warning: master sky130_ef_sc_hd__decap_12 has signal pins but no liberty cell
Global output passed lec test
[INFO RCX-0431] Defined process_corner X with ext_model_index 0
[INFO RCX-0029] Defined extraction corner X
[INFO RCX-0435] Reading extraction model file /OpenROAD-flow-scripts/flow/platforms/sky130hd/rcx_patterns.rules ...
[INFO RCX-0436] RC segment generation adder32 (max_merge_res 50.0) ...
[INFO RCX-0040] Final 1166 rc segments
[INFO RCX-0439] Coupling Cap extraction adder32 ...
[INFO RCX-0440] Coupling threshhold is 0.1000 fF, coupling capacitance less than 0.1000 fF will be grounded.
[INFO RCX-0442] 53% of 2256 wires extracted
[INFO RCX-0442] 100% of 2256 wires extracted
[INFO RCX-0045] Extract 454 nets, 1620 rsegs, 1620 caps, 1992 ccs
[INFO RCX-0443] 454 nets finished
[INFO PSM-0040] All shapes on net VDD are connected.
########## IR report #################
Net              : VDD
Corner           : default
Total power      : 2.37e-04 W
Supply voltage   : 1.80e+00 V
Worstcase voltage: 1.80e+00 V
Average voltage  : 1.80e+00 V
Average IR drop  : 1.54e-05 V
Worstcase IR drop: 4.50e-05 V
Percentage drop  : 0.00 %
######################################
[INFO PSM-0040] All shapes on net VSS are connected.
########## IR report #################
Net              : VSS
Corner           : default
Total power      : 2.37e-04 W
Supply voltage   : 0.00e+00 V
Worstcase voltage: 3.39e-05 V
Average voltage  : 6.86e-06 V
Average IR drop  : 6.86e-06 V
Worstcase IR drop: 3.39e-05 V
Percentage drop  : 0.00 %
######################################
Cell type report:                       Count       Area
  Fill cell                               509    2344.75
  Tap cell                                 75      93.84
  Clock buffer                              7      96.34
  Timing Repair Buffer                     98     975.94
  Inverter                                  9      33.78
  Clock inverter                            1       5.00
  Sequential cell                          33     825.79
  Multi-Input combinational cell          210    1650.33
  Total                                   942    6025.78
Report metrics stage 6, finish...

==========================================================================
finish report_design_area
--------------------------------------------------------------------------
Design area 3681 um^2 61% utilization.
[WARNING GUI-0010] File path does not end with a valid extension, new path is: ./reports/sky130hd/adder32/base/final_all.webp.png
[WARNING GUI-0010] File path does not end with a valid extension, new path is: ./reports/sky130hd/adder32/base/final_routing.webp.png
[WARNING GUI-0010] File path does not end with a valid extension, new path is: ./reports/sky130hd/adder32/base/final_placement.webp.png
[WARNING GUI-0010] File path does not end with a valid extension, new path is: ./reports/sky130hd/adder32/base/final_ir_drop.webp.png
[WARNING GUI-0010] File path does not end with a valid extension, new path is: ./reports/sky130hd/adder32/base/final_clocks.webp.png
[WARNING GUI-0010] File path does not end with a valid extension, new path is: ./reports/sky130hd/adder32/base/cts_default_clk.webp.png
[WARNING GUI-0010] File path does not end with a valid extension, new path is: ./reports/sky130hd/adder32/base/cts_default_clk_layout.webp.png
[WARNING GUI-0010] File path does not end with a valid extension, new path is: ./reports/sky130hd/adder32/base/final_resizer.webp.png
[WARNING GUI-0010] File path does not end with a valid extension, new path is: ./reports/sky130hd/adder32/base/final_congestion.webp.png
[WARNING GUI-0010] File path does not end with a valid extension, new path is: ./reports/sky130hd/adder32/base/final_worst_path.webp.png
Elapsed time: 0:02.17[h:]min:sec. CPU time: user 1.90 sys 0.47 (109%). Peak memory: 167084KB.
Log                       Ext     Elapsed/s Peak Memory/MB sha1sum result [0:20)
6_report                                  2            163                  N/A
