OpenROAD unknown 
Features included (+) or not (-): -GPU +GUI -Python
This program is licensed under the BSD-3 license. See the LICENSE file for details.
Components of this program may be licensed under more restrictive licenses which must be honored.
[INFO ORD-0030] Using 24 thread(s).
read_liberty /OpenROAD-flow-scripts/flow/platforms/sky130hd/lib/sky130_fd_sc_hd__tt_025C_1v80.lib
read_db ./results/sky130hd/alu8/base/3_4_place_resized.odb
read_sdc ./results/sky130hd/alu8/base/2_floorplan.sdc
source /OpenROAD-flow-scripts/flow/platforms/sky130hd/setRC.tcl
detailed_placement
[INFO DPL-0006] Core area: 2212.12 um^2
[INFO DPL-0007] Movable instances area: 1179.88 um^2
[INFO DPL-0008] Fixed instances area within core: 35.03 um^2
[INFO DPL-0009] Utilization: 54.9%
[INFO DPL-0005] Diamond search max displacement: +/- 500 sites horizontally, +/- 100 rows vertically.
[INFO DPL-1102] Legalizing using negotiation legalizer.
[INFO DPL-1103] Negotiation base search window: +/-20 sites horizontally, +/-5 rows vertically 
	Automatic search window extension enabled.
	Search window extendable up to the max displacement cap of +/-500 sites, +/-100 rows near walls.
[INFO DPL-1104] NegotiationLegalizer DRC penalty: 5.
[INFO DPL-0392] Negotiation cell height distribution (1 unique row-count(s)):
[INFO DPL-0393]   height 1 row(s): 177 cells
          |      Total |  Illegal |  Illegal
Iteration | Violations |    Cells |    Sites
---------------------------------------------
        0 |         69 |        19 |        47
        1 |          0 |         0 |         0
Negotiation phase 1 converged at iteration 1.
[INFO DPL-0500] Runtime: 0.01s
Detailed Placement Analysis
---------------------------------
legalizer            negotiation
total moves                 158
total displacement        451.2 u
average displacement        2.5 u
max displacement           12.1 u
original HPWL            1680.3 u
legalized HPWL           1971.2 u
delta HPWL                   17 %

improve_placement -max_displacement "5 1"
Detailed placement improvement.
[INFO DPL-0401] Setting random seed to 1.
[INFO DPL-0402] Setting maximum displacement 5 1 to 13600 2720 units.
[INFO DPL-0320] Collected 55 fixed cells.
[INFO DPL-0318] Collected 149 single height cells.
[INFO DPL-0321] Collected 0 wide cells.
[INFO DPL-0322] Image (1380, 2720) - (49220, 48960)
[INFO DPL-0310] Assigned 149 cells into segments.  Movement in X-direction is 0.000000, movement in Y-direction is 0.000000.
[INFO DPL-0313] Found 0 cells in wrong regions.
[INFO DPL-0315] Found 0 row alignment problems.
[INFO DPL-0314] Found 0 site alignment problems.
[INFO DPL-0311] Found 0 overlaps between adjacent cells.
[INFO DPL-0312] Found 0 edge spacing violations and 0 padding violations.
[INFO DPL-0303] Running algorithm for independent set matching.
[INFO DPL-0300] Set matching objective is wirelength.
[INFO DPL-0301] Pass   1 of matching; objective is 1.970228e+06.
[INFO DPL-0302] End of matching; objective is 1.966043e+06, improvement is 0.21 percent.
[INFO DPL-0303] Running algorithm for global swaps.
[INFO DPL-0306] Pass   1 of global swaps; hpwl is 1.914519e+06.
[INFO DPL-0306] Pass   2 of global swaps; hpwl is 1.908051e+06.
[INFO DPL-0307] End of global swaps; objective is 1.908051e+06, improvement is 2.95 percent.
[INFO DPL-0303] Running algorithm for vertical swaps.
[INFO DPL-0308] Pass   1 of vertical swaps; hpwl is 1.899276e+06.
[INFO DPL-0309] End of vertical swaps; objective is 1.899276e+06, improvement is 0.46 percent.
[INFO DPL-0303] Running algorithm for reordering.
[INFO DPL-0304] Pass   1 of reordering; objective is 1.891450e+06.
[INFO DPL-0305] End of reordering; objective is 1.891450e+06, improvement is 0.41 percent.
[INFO DPL-0303] Running algorithm for random improvement.
[INFO DPL-0324] Random improver is using random generator.
[INFO DPL-0325] Random improver is using hpwl objective.
[INFO DPL-0326] Random improver cost string is (a).
[INFO DPL-0332] End of pass, Generator random called 2980 times.
[INFO DPL-0335] Generator random, Cumulative attempts 2980, swaps 523, moves   950 since last reset.
[INFO DPL-0333] End of pass, Objective hpwl, Initial cost 1.891450e+06, Scratch cost 1.855205e+06, Incremental cost 1.855205e+06, Mismatch? N
[INFO DPL-0338] End of pass, Total cost is 1.855205e+06.
[INFO DPL-0327] Pass   1 of random improver; improvement in cost is 1.92 percent.
[INFO DPL-0332] End of pass, Generator random called 2980 times.
[INFO DPL-0335] Generator random, Cumulative attempts 5960, swaps 1050, moves  1846 since last reset.
[INFO DPL-0333] End of pass, Objective hpwl, Initial cost 1.855205e+06, Scratch cost 1.848150e+06, Incremental cost 1.848150e+06, Mismatch? N
[INFO DPL-0338] End of pass, Total cost is 1.848150e+06.
[INFO DPL-0327] Pass   2 of random improver; improvement in cost is 0.38 percent.
[INFO DPL-0328] End of random improver; improvement is 2.289249 percent.
[INFO DPL-0380] Cell flipping.
[INFO DPL-0382] Changed 0 cell orientations for row compatibility.
[INFO DPL-0383] Performed 49 cell flips.
[INFO DPL-0384] End of flipping; objective is 1.739408e+06, improvement is 5.88 percent.
[INFO DPL-0313] Found 0 cells in wrong regions.
[INFO DPL-0315] Found 0 row alignment problems.
[INFO DPL-0314] Found 0 site alignment problems.
[INFO DPL-0311] Found 0 overlaps between adjacent cells.
[INFO DPL-0312] Found 0 edge spacing violations and 0 padding violations.
Place Optimization Analysis
---------------------------------
total attempts             8940
relocated cells              86
total displacement        324.1 u
average displacement        3.8 u
max displacement           10.1 u
original HPWL            1971.2 u
improved HPWL            1739.6 u
delta HPWL                  -12 %

optimize_mirroring
[INFO DPL-0020] Mirrored 13 instances
[INFO DPL-0021] HPWL before            1739.6 u
[INFO DPL-0022] HPWL after             1737.0 u
[INFO DPL-0023] HPWL delta               -0.1 %
[INFO FLW-0012] Placement violations .
estimate_parasitics -placement
Report metrics stage 3, detailed place...
No registers in design

==========================================================================
detailed place report_design_area
--------------------------------------------------------------------------
Design area 1215 um^2 55% utilization.
write_db ./results/sky130hd/alu8/base/3_5_place_dp.odb
write_sdc -no_timestamp ./results/sky130hd/alu8/base/3_place.sdc
Elapsed time: 0:01.04[h:]min:sec. CPU time: user 0.91 sys 0.08 (94%). Peak memory: 113228KB.
Log                       Ext     Elapsed/s Peak Memory/MB sha1sum result [0:20)
3_5_place_dp              .odb            1            110 28f939a68efaad44ed4b
