OpenROAD unknown 
Features included (+) or not (-): -GPU +GUI -Python
This program is licensed under the BSD-3 license. See the LICENSE file for details.
Components of this program may be licensed under more restrictive licenses which must be honored.
[INFO ORD-0030] Using 24 thread(s).
read_liberty /OpenROAD-flow-scripts/flow/platforms/sky130hd/lib/sky130_fd_sc_hd__tt_025C_1v80.lib
read_db ./results/sky130hd/alu8/base/5_1_grt.odb
read_sdc ./results/sky130hd/alu8/base/5_1_grt.sdc
source /OpenROAD-flow-scripts/flow/platforms/sky130hd/setRC.tcl
[WARNING STA-0450] virtual clock clk can not be propagated.
detailed_route -output_drc ./reports/sky130hd/alu8/base/5_route_drc.rpt -output_maze ./results/sky130hd/alu8/base/maze.log -droute_end_iter 64 -verbose 1 -drc_report_iter_step 5
[INFO DRT-0149] Reading tech and libs.
[WARNING DRT-0349] LEF58_ENCLOSURE with no CUTCLASS is not supported. Skipping for layer mcon
[WARNING DRT-0349] LEF58_ENCLOSURE with no CUTCLASS is not supported. Skipping for layer mcon
[WARNING DRT-0349] LEF58_ENCLOSURE with no CUTCLASS is not supported. Skipping for layer via
[WARNING DRT-0349] LEF58_ENCLOSURE with no CUTCLASS is not supported. Skipping for layer via
[WARNING DRT-0349] LEF58_ENCLOSURE with no CUTCLASS is not supported. Skipping for layer via2
[WARNING DRT-0349] LEF58_ENCLOSURE with no CUTCLASS is not supported. Skipping for layer via2
[WARNING DRT-0349] LEF58_ENCLOSURE with no CUTCLASS is not supported. Skipping for layer via3
[WARNING DRT-0349] LEF58_ENCLOSURE with no CUTCLASS is not supported. Skipping for layer via3
[WARNING DRT-0349] LEF58_ENCLOSURE with no CUTCLASS is not supported. Skipping for layer via4
[WARNING DRT-0349] LEF58_ENCLOSURE with no CUTCLASS is not supported. Skipping for layer via4

Units:                1000
Number of layers:     13
Number of macros:     441
Number of vias:       29
Number of viarulegen: 25

[INFO DRT-0150] Reading design.

Design:                   alu8
Die area:                 ( 0 0 ) ( 50340 50340 )
Number of track patterns: 12
Number of DEF vias:       0
Number of components:     177
Number of terminals:      29
Number of snets:          2
Number of nets:           192

[INFO DRT-0167] List of default vias:
  Layer via
    default via: M1M2_PR
  Layer via2
    default via: M2M3_PR
  Layer via3
    default via: M3M4_PR
  Layer via4
    default via: M4M5_PR
[INFO DRT-0162] Library cell analysis.
[INFO DRT-0163] Instance analysis.
[INFO DRT-0164] Number of unique instances = 45.
[INFO DRT-0168] Init region query.
[INFO DRT-0024]   Complete FR_MASTERSLICE.
[INFO DRT-0024]   Complete Fr_VIA.
[INFO DRT-0024]   Complete li1.
[INFO DRT-0024]   Complete mcon.
[INFO DRT-0024]   Complete met1.
[INFO DRT-0024]   Complete via.
[INFO DRT-0024]   Complete met2.
[INFO DRT-0024]   Complete via2.
[INFO DRT-0024]   Complete met3.
[INFO DRT-0024]   Complete via3.
[INFO DRT-0024]   Complete met4.
[INFO DRT-0024]   Complete via4.
[INFO DRT-0024]   Complete met5.
[INFO DRT-0033] FR_MASTERSLICE shape region query size = 0.
[INFO DRT-0033] FR_VIA shape region query size = 0.
[INFO DRT-0033] li1 shape region query size = 3612.
[INFO DRT-0033] mcon shape region query size = 1953.
[INFO DRT-0033] met1 shape region query size = 421.
[INFO DRT-0033] via shape region query size = 135.
[INFO DRT-0033] met2 shape region query size = 91.
[INFO DRT-0033] via2 shape region query size = 108.
[INFO DRT-0033] met3 shape region query size = 98.
[INFO DRT-0033] via3 shape region query size = 108.
[INFO DRT-0033] met4 shape region query size = 35.
[INFO DRT-0033] via4 shape region query size = 5.
[INFO DRT-0033] met5 shape region query size = 11.
[INFO DRT-0165] Start pin access.
[INFO DRT-0078]   Complete 343 pins.
[INFO DRT-0081]   Complete 45 unique inst patterns.
[INFO DRT-0084]   Complete 95 groups.
#scanned instances     = 177
#unique  instances     = 45
#stdCellGenAp          = 1526
#stdCellValidPlanarAp  = 13
#stdCellValidViaAp     = 1034
#stdCellPinNoAp        = 3
#stdCellPinCnt         = 488
#instTermValidViaApCnt = 0
#macroGenAp            = 0
#macroValidPlanarAp    = 0
#macroValidViaAp       = 0
#macroNoAp             = 0
[INFO DRT-0166] Complete pin access.
[INFO DRT-0267] cpu time = 00:00:34, elapsed time = 00:00:14, memory = 219.93 (MB), peak = 219.93 (MB)

[INFO DRT-0157] Number of guides:     988

[INFO DRT-0169] Post process guides.
[INFO DRT-0176] GCELLGRID X 0 DO 7 STEP 6900 ;
[INFO DRT-0177] GCELLGRID Y 0 DO 7 STEP 6900 ;
[INFO DRT-0028]   Complete FR_MASTERSLICE.
[INFO DRT-0028]   Complete Fr_VIA.
[INFO DRT-0028]   Complete li1.
[INFO DRT-0028]   Complete mcon.
[INFO DRT-0028]   Complete met1.
[INFO DRT-0028]   Complete via.
[INFO DRT-0028]   Complete met2.
[INFO DRT-0028]   Complete via2.
[INFO DRT-0028]   Complete met3.
[INFO DRT-0028]   Complete via3.
[INFO DRT-0028]   Complete met4.
[INFO DRT-0028]   Complete via4.
[INFO DRT-0028]   Complete met5.
[INFO DRT-0178] Init guide query.
[INFO DRT-0035]   Complete FR_MASTERSLICE (guide).
[INFO DRT-0035]   Complete Fr_VIA (guide).
[INFO DRT-0035]   Complete li1 (guide).
[INFO DRT-0035]   Complete mcon (guide).
[INFO DRT-0035]   Complete met1 (guide).
[INFO DRT-0035]   Complete via (guide).
[INFO DRT-0035]   Complete met2 (guide).
[INFO DRT-0035]   Complete via2 (guide).
[INFO DRT-0035]   Complete met3 (guide).
[INFO DRT-0035]   Complete via3 (guide).
[INFO DRT-0035]   Complete met4 (guide).
[INFO DRT-0035]   Complete via4 (guide).
[INFO DRT-0035]   Complete met5 (guide).
[INFO DRT-0036] FR_MASTERSLICE guide region query size = 0.
[INFO DRT-0036] FR_VIA guide region query size = 0.
[INFO DRT-0036] li1 guide region query size = 360.
[INFO DRT-0036] mcon guide region query size = 0.
[INFO DRT-0036] met1 guide region query size = 255.
[INFO DRT-0036] via guide region query size = 0.
[INFO DRT-0036] met2 guide region query size = 115.
[INFO DRT-0036] via2 guide region query size = 0.
[INFO DRT-0036] met3 guide region query size = 17.
[INFO DRT-0036] via3 guide region query size = 0.
[INFO DRT-0036] met4 guide region query size = 0.
[INFO DRT-0036] via4 guide region query size = 0.
[INFO DRT-0036] met5 guide region query size = 0.
[INFO DRT-0179] Init gr pin query.
[INFO DRT-0267] cpu time = 00:00:00, elapsed time = 00:00:00, memory = 219.93 (MB), peak = 219.93 (MB)
[INFO DRT-0245] skipped writing guide updates to database.
[INFO DRT-0181] Start track assignment.
[INFO DRT-0184] Done with 475 vertical wires in 1 frboxes and 272 horizontal wires in 1 frboxes.
[INFO DRT-0186] Done with 38 vertical wires in 1 frboxes and 76 horizontal wires in 1 frboxes.
[INFO DRT-0182] Complete track assignment.
[INFO DRT-0267] cpu time = 00:00:00, elapsed time = 00:00:00, memory = 221.93 (MB), peak = 221.93 (MB)
[INFO DRT-0187] Start routing data preparation.
[INFO DRT-0267] cpu time = 00:00:00, elapsed time = 00:00:00, memory = 221.93 (MB), peak = 221.93 (MB)
[INFO DRT-0194] Start detail routing.
[INFO DRT-0195] Start 0th optimization iteration.
    Completing 100% with 21 violations.
    elapsed time = 00:00:03, memory = 254.31 (MB).
[INFO DRT-0199]   Number of violations = 21.
Viol/Layer        met1
Metal Spacing        9
Short               12
[INFO DRT-0267] cpu time = 00:00:03, elapsed time = 00:00:03, memory = 259.19 (MB), peak = 545.19 (MB)
Total wire length = 2121 um.
Total wire length on LAYER li1 = 0 um.
Total wire length on LAYER met1 = 1165 um.
Total wire length on LAYER met2 = 879 um.
Total wire length on LAYER met3 = 76 um.
Total wire length on LAYER met4 = 0 um.
Total wire length on LAYER met5 = 0 um.
Total number of vias = 880.
Up-via summary (total 880):

----------------------
 FR_MASTERSLICE      0
            li1    482
           met1    381
           met2     17
           met3      0
           met4      0
----------------------
               880


[INFO DRT-0195] Start 1st optimization iteration.
    Completing 20% with 21 violations.
    elapsed time = 00:00:00, memory = 259.19 (MB).
    Completing 50% with 21 violations.
    elapsed time = 00:00:01, memory = 259.19 (MB).
    Completing 70% with 26 violations.
    elapsed time = 00:00:01, memory = 259.19 (MB).
    Completing 100% with 21 violations.
    elapsed time = 00:00:01, memory = 259.19 (MB).
[INFO DRT-0199]   Number of violations = 21.
Viol/Layer        met1
Metal Spacing        7
Short               14
[INFO DRT-0267] cpu time = 00:00:02, elapsed time = 00:00:02, memory = 263.20 (MB), peak = 547.20 (MB)
Total wire length = 2119 um.
Total wire length on LAYER li1 = 0 um.
Total wire length on LAYER met1 = 1164 um.
Total wire length on LAYER met2 = 878 um.
Total wire length on LAYER met3 = 76 um.
Total wire length on LAYER met4 = 0 um.
Total wire length on LAYER met5 = 0 um.
Total number of vias = 871.
Up-via summary (total 871):

----------------------
 FR_MASTERSLICE      0
            li1    480
           met1    374
           met2     17
           met3      0
           met4      0
----------------------
               871


[INFO DRT-0195] Start 2nd optimization iteration.
    Completing 20% with 21 violations.
    elapsed time = 00:00:00, memory = 263.20 (MB).
    Completing 50% with 28 violations.
    elapsed time = 00:00:00, memory = 263.20 (MB).
    Completing 70% with 18 violations.
    elapsed time = 00:00:00, memory = 263.20 (MB).
    Completing 100% with 24 violations.
    elapsed time = 00:00:01, memory = 267.20 (MB).
[INFO DRT-0199]   Number of violations = 24.
Viol/Layer        met1
Metal Spacing       20
Short                4
[INFO DRT-0267] cpu time = 00:00:02, elapsed time = 00:00:02, memory = 273.20 (MB), peak = 547.20 (MB)
Total wire length = 2128 um.
Total wire length on LAYER li1 = 0 um.
Total wire length on LAYER met1 = 1165 um.
Total wire length on LAYER met2 = 885 um.
Total wire length on LAYER met3 = 76 um.
Total wire length on LAYER met4 = 0 um.
Total wire length on LAYER met5 = 0 um.
Total number of vias = 892.
Up-via summary (total 892):

----------------------
 FR_MASTERSLICE      0
            li1    482
           met1    393
           met2     17
           met3      0
           met4      0
----------------------
               892


[INFO DRT-0195] Start 3rd guides tiles iteration.
    Completing 20% with 24 violations.
    elapsed time = 00:00:00, memory = 273.20 (MB).
    Completing 50% with 24 violations.
    elapsed time = 00:00:00, memory = 273.20 (MB).
    Completing 70% with 0 violations.
    elapsed time = 00:00:00, memory = 273.20 (MB).
    Completing 100% with 0 violations.
    elapsed time = 00:00:00, memory = 273.20 (MB).
[INFO DRT-0199]   Number of violations = 0.
[INFO DRT-0267] cpu time = 00:00:01, elapsed time = 00:00:00, memory = 549.20 (MB), peak = 549.20 (MB)
Total wire length = 2126 um.
Total wire length on LAYER li1 = 0 um.
Total wire length on LAYER met1 = 1139 um.
Total wire length on LAYER met2 = 897 um.
Total wire length on LAYER met3 = 89 um.
Total wire length on LAYER met4 = 0 um.
Total wire length on LAYER met5 = 0 um.
Total number of vias = 895.
Up-via summary (total 895):

----------------------
 FR_MASTERSLICE      0
            li1    481
           met1    393
           met2     21
           met3      0
           met4      0
----------------------
               895


[INFO DRT-0198] Complete detail routing.
Total wire length = 2126 um.
Total wire length on LAYER li1 = 0 um.
Total wire length on LAYER met1 = 1139 um.
Total wire length on LAYER met2 = 897 um.
Total wire length on LAYER met3 = 89 um.
Total wire length on LAYER met4 = 0 um.
Total wire length on LAYER met5 = 0 um.
Total number of vias = 895.
Up-via summary (total 895):

----------------------
 FR_MASTERSLICE      0
            li1    481
           met1    393
           met2     21
           met3      0
           met4      0
----------------------
               895


[INFO DRT-0267] cpu time = 00:00:09, elapsed time = 00:00:09, memory = 549.20 (MB), peak = 549.20 (MB)

[INFO DRT-0180] Post processing.
[INFO DRT-0501] Runtime: 24.47s
Took 25 seconds: detailed_route -output_drc ./reports/sky130hd/alu8/base/5_route_drc.rpt -output_maze ./results/sky130hd/alu8/base/maze.log -droute_end_iter 64 -verbose 1 -drc_report_iter_step 5
[INFO GRT-0012] Found 0 antenna violations.
[INFO ANT-0002] Found 0 net violations.
[INFO ANT-0001] Found 0 pin violations.
[INFO ANT-0002] Found 0 net violations.
[INFO ANT-0001] Found 0 pin violations.
Design area 1215 um^2 55% utilization.
write_db ./results/sky130hd/alu8/base/5_2_route.odb
Elapsed time: 0:25.62[h:]min:sec. CPU time: user 43.80 sys 2.26 (179%). Peak memory: 565524KB.
Log                       Ext     Elapsed/s Peak Memory/MB sha1sum result [0:20)
5_2_route                 .odb           25            552 808c651e022905b57513
