OpenROAD unknown 
Features included (+) or not (-): -GPU +GUI -Python
This program is licensed under the BSD-3 license. See the LICENSE file for details.
Components of this program may be licensed under more restrictive licenses which must be honored.
[INFO ORD-0030] Using 24 thread(s).
read_liberty /OpenROAD-flow-scripts/flow/platforms/sky130hd/lib/sky130_fd_sc_hd__tt_025C_1v80.lib
read_db ./results/sky130hd/alu8/base/6_1_fill.odb
read_sdc ./results/sky130hd/alu8/base/6_1_fill.sdc
source /OpenROAD-flow-scripts/flow/platforms/sky130hd/setRC.tcl
[WARNING STA-0450] virtual clock clk can not be propagated.
write_db ./results/sky130hd/alu8/base/6_final.odb
write_sdc -no_timestamp ./results/sky130hd/alu8/base/6_final.sdc
Deleted 0 routing obstructions
Warning: master sky130_ef_sc_hd__decap_12 has signal pins but no liberty cell
Warning: master sky130_ef_sc_hd__decap_12 has signal pins but no liberty cell
Global output passed lec test
[INFO RCX-0431] Defined process_corner X with ext_model_index 0
[INFO RCX-0029] Defined extraction corner X
[INFO RCX-0435] Reading extraction model file /OpenROAD-flow-scripts/flow/platforms/sky130hd/rcx_patterns.rules ...
[INFO RCX-0436] RC segment generation alu8 (max_merge_res 50.0) ...
[INFO RCX-0040] Final 458 rc segments
[INFO RCX-0439] Coupling Cap extraction alu8 ...
[INFO RCX-0440] Coupling threshhold is 0.1000 fF, coupling capacitance less than 0.1000 fF will be grounded.
[INFO RCX-0442] 56% of 880 wires extracted
[INFO RCX-0442] 100% of 880 wires extracted
[INFO RCX-0045] Extract 192 nets, 642 rsegs, 642 caps, 807 ccs
[INFO RCX-0443] 192 nets finished
[INFO PSM-0040] All shapes on net VDD are connected.
########## IR report #################
Net              : VDD
Corner           : default
Total power      : 3.23e-05 W
Supply voltage   : 1.80e+00 V
Worstcase voltage: 1.80e+00 V
Average voltage  : 1.80e+00 V
Average IR drop  : 7.71e-06 V
Worstcase IR drop: 1.63e-05 V
Percentage drop  : 0.00 %
######################################
[INFO PSM-0040] All shapes on net VSS are connected.
########## IR report #################
Net              : VSS
Corner           : default
Total power      : 3.23e-05 W
Supply voltage   : 0.00e+00 V
Worstcase voltage: 6.11e-06 V
Average voltage  : 2.32e-06 V
Average IR drop  : 2.32e-06 V
Worstcase IR drop: 6.11e-06 V
Percentage drop  : 0.00 %
######################################
Cell type report:                       Count       Area
  Fill cell                               222     997.21
  Tap cell                                 28      35.03
  Timing Repair Buffer                     27     270.26
  Inverter                                 23      86.33
  Multi-Input combinational cell           99     823.29
  Total                                   399    2212.12
Report metrics stage 6, finish...
No registers in design

==========================================================================
finish report_design_area
--------------------------------------------------------------------------
Design area 1215 um^2 55% utilization.
[WARNING GUI-0010] File path does not end with a valid extension, new path is: ./reports/sky130hd/alu8/base/final_all.webp.png
[WARNING GUI-0010] File path does not end with a valid extension, new path is: ./reports/sky130hd/alu8/base/final_routing.webp.png
[WARNING GUI-0010] File path does not end with a valid extension, new path is: ./reports/sky130hd/alu8/base/final_placement.webp.png
[WARNING GUI-0010] File path does not end with a valid extension, new path is: ./reports/sky130hd/alu8/base/final_ir_drop.webp.png
[WARNING GUI-0010] File path does not end with a valid extension, new path is: ./reports/sky130hd/alu8/base/final_clocks.webp.png
[WARNING GUI-0010] File path does not end with a valid extension, new path is: ./reports/sky130hd/alu8/base/final_resizer.webp.png
[WARNING GUI-0010] File path does not end with a valid extension, new path is: ./reports/sky130hd/alu8/base/final_congestion.webp.png
[WARNING GUI-0010] File path does not end with a valid extension, new path is: ./reports/sky130hd/alu8/base/final_worst_path.webp.png
Elapsed time: 0:04.56[h:]min:sec. CPU time: user 3.67 sys 1.03 (103%). Peak memory: 157432KB.
Log                       Ext     Elapsed/s Peak Memory/MB sha1sum result [0:20)
6_report                                  4            153                  N/A
