=== SYNTHESIZE LOG ===
Timestamp: 2026-10-05T08:49:54
Block: multiplier8
Attempt: 1
Command: /OpenROAD-flow-scripts/tools/install/yosys/bin/yosys -s /workspace/silicon-runs/un-20261005-012618/syn/output/multiplier8/synth_multiplier8.ys
Return code: 0

=== STDOUT ===

 /----------------------------------------------------------------------------\
 |  yosys -- Yosys Open SYnthesis Suite                                       |
 |  Copyright (C) 2012 - 2026  Claire Xenia Wolf <claire@yosyshq.com>         |
 |  Distributed under an ISC-like license, type "license" to see terms        |
 \----------------------------------------------------------------------------/
 Yosys 0.68+post (git sha1 UNKNOWN, Release, GNU /usr/local/bin/wrapped-cc/g++ 11.4.0)

-- Executing script file `/workspace/silicon-runs/un-20261005-012618/syn/output/multiplier8/synth_multiplier8.ys' --

1. Executing Verilog-2005 frontend: /workspace/silicon-runs/un-20261005-012618/rtl/multiplier8/multiplier8.v
Parsing Verilog input from `/workspace/silicon-runs/un-20261005-012618/rtl/multiplier8/multiplier8.v' to AST representation.
Generating RTLIL representation for module `\multiplier8'.
Successfully finished Verilog frontend.

2. Executing HIERARCHY pass (managing design hierarchy).

2.1. Analyzing design hierarchy..
Top module:  \multiplier8

2.2. Analyzing design hierarchy..
Top module:  \multiplier8
Removed 0 unused modules.

3. Executing PROC pass (convert processes to netlists).

3.1. Executing PROC_CLEAN pass (remove empty switches from decision trees).
Cleaned up 0 empty switches.

3.2. Executing PROC_RMDEAD pass (remove dead branches from decision trees).
Removed a total of 0 dead cases.

3.3. Executing PROC_PRUNE pass (remove redundant assignments in processes).
Removed 0 redundant assignments.
Promoted 0 assignments to connections.

3.4. Executing PROC_INIT pass (extract init attributes).

3.5. Executing PROC_ARST pass (detect async resets in processes).

3.6. Executing PROC_ROM pass (convert switches to ROMs).
Converted 0 switches.

3.7. Executing PROC_MUX pass (convert decision trees to multiplexers).

3.8. Executing PROC_DLATCH pass (convert process syncs to latches).

3.9. Executing PROC_DFF pass (convert process syncs to FFs).

3.10. Executing PROC_MEMWR pass (convert process memory writes to cells).

3.11. Executing PROC_CLEAN pass (remove empty switches from decision trees).
Cleaned up 0 empty switches.

3.12. Executing OPT_EXPR pass (perform const folding).
Optimizing module multiplier8.

4. Executing FLATTEN pass (flatten design).

5. Executing OPT pass (performing simple optimizations).

5.1. Executing OPT_EXPR pass (perform const folding).
Optimizing module multiplier8.

5.2. Executing OPT_MERGE pass (detect identical cells).
Finding identical cells in module `\multiplier8'.
Computing hashes of 1 cells of `\multiplier8'.
Finding duplicate cells in `\multiplier8'.
Removed a total of 0 cells.

5.3. Executing OPT_MUXTREE pass (detect dead branches in mux trees).
Running muxtree optimizer on module \multiplier8..
  Creating internal representation of mux trees.
  No muxes found in this module.
Removed 0 multiplexer ports.

5.4. Executing OPT_REDUCE pass (consolidate $*mux and $reduce_* inputs).
  Optimizing cells in module \multiplier8.
Performed a total of 0 changes.

5.5. Executing OPT_MERGE pass (detect identical cells).
Finding identical cells in module `\multiplier8'.
Computing hashes of 1 cells of `\multiplier8'.
Finding duplicate cells in `\multiplier8'.
Removed a total of 0 cells.

5.6. Executing OPT_DFF pass (perform DFF optimizations).

5.7. Executing OPT_CLEAN pass (remove unused cells and wires).
Finding unused cells or wires in module \multiplier8..
Removed 0 unused cells and 1 unused wires.
<suppressed ~1 debug messages>

5.8. Executing OPT_EXPR pass (perform const folding).
Optimizing module multiplier8.

5.9. Rerunning OPT passes. (Maybe there is more to do..)

5.10. Executing OPT_MUXTREE pass (detect dead branches in mux trees).
Running muxtree optimizer on module \multiplier8..
  Creating internal representation of mux trees.
  No muxes found in this module.
Removed 0 multiplexer ports.

5.11. Executing OPT_REDUCE pass (consolidate $*mux and $reduce_* inputs).
  Optimizing cells in module \multiplier8.
Performed a total of 0 changes.

5.12. Executing OPT_MERGE pass (detect identical cells).
Finding identical cells in module `\multiplier8'.
Computing hashes of 1 cells of `\multiplier8'.
Finding duplicate cells in `\multiplier8'.
Removed a total of 0 cells.

5.13. Executing OPT_DFF pass (perform DFF optimizations).

5.14. Executing OPT_CLEAN pass (remove unused cells and wires).
Finding unused cells or wires in module \multiplier8..

5.15. Executing OPT_EXPR pass (perform const folding).
Optimizing module multiplier8.

5.16. Finished fast OPT passes. (There is nothing left to do.)

6. Executing SYNTH pass.

6.1. Executing HIERARCHY pass (managing design hierarchy).
Attribute `top' found on module `multiplier8'. Setting top module to multiplier8.

6.1.1. Analyzing design hierarchy..
Top module:  \multiplier8

6.1.2. Analyzing design hierarchy..
Top module:  \multiplier8
Removed 0 unused modules.

6.2. Executing PROC pass (convert processes to netlists).

6.2.1. Executing PROC_CLEAN pass (remove empty switches from decision trees).
Cleaned up 0 empty switches.

6.2.2. Executing PROC_RMDEAD pass (remove dead branches from decision trees).
Removed a total of 0 dead cases.

6.2.3. Executing PROC_PRUNE pass (remove redundant assignments in processes).
Removed 0 redundant assignments.
Promoted 0 assignments to connections.

6.2.4. Executing PROC_INIT pass (extract init attributes).

6.2.5. Executing PROC_ARST pass (detect async resets in processes).

6.2.6. Executing PROC_ROM pass (convert switches to ROMs).
Converted 0 switches.

6.2.7. Executing PROC_MUX pass (convert decision trees to multiplexers).

6.2.8. Executing PROC_DLATCH pass (convert process syncs to latches).

6.2.9. Executing PROC_DFF pass (convert process syncs to FFs).

6.2.10. Executing PROC_MEMWR pass (convert process memory writes to cells).

6.2.11. Executing PROC_CLEAN pass (remove empty switches from decision trees).
Cleaned up 0 empty switches.

6.2.12. Executing OPT_EXPR pass (perform const folding).
Optimizing module multiplier8.

6.3. Executing OPT_EXPR pass (perform const folding).
Optimizing module multiplier8.

6.4. Executing OPT_CLEAN pass (remove unused cells and wires).
Finding unused cells or wires in module \multiplier8..

6.5. Executing CHECK pass (checking for obvious problems).
Checking module multiplier8...
Found and reported 0 problems.

6.6. Executing OPT pass (performing simple optimizations).

6.6.1. Executing OPT_EXPR pass (perform const folding).
Optimizing module multiplier8.

6.6.2. Executing OPT_MERGE pass (detect identical cells).
Finding identical cells in module `\multiplier8'.
Computing hashes of 1 cells of `\multiplier8'.
Finding duplicate cells in `\multiplier8'.
Removed a total of 0 cells.

6.6.3. Executing OPT_MUXTREE pass (detect dead branches in mux trees).
Running muxtree optimizer on module \multiplier8..
  Creating internal representation of mux trees.
  No muxes found in this module.
Removed 0 multiplexer ports.

6.6.4. Executing OPT_REDUCE pass (consolidate $*mux and $reduce_* inputs).
  Optimizing cells in module \multiplier8.
Performed a total of 0 changes.

6.6.5. Executing OPT_MERGE pass (detect identical cells).
Finding identical cells in module `\multiplier8'.
Computing hashes of 1 cells of `\multiplier8'.
Finding duplicate cells in `\multiplier8'.
Removed a total of 0 cells.

6.6.6. Executing OPT_DFF pass (perform DFF optimizations).

6.6.7. Executing OPT_CLEAN pass (remove unused cells and wires).
Finding unused cells or wires in module \multiplier8..

6.6.8. Executing OPT_EXPR pass (perform const folding).
Optimizing module multiplier8.

6.6.9. Finished fast OPT passes. (There is nothing left to do.)

6.7. Executing FSM pass (extract and optimize FSM).

6.7.1. Executing FSM_DETECT pass (finding FSMs in design).

6.7.2. Executing FSM_EXTRACT pass (extracting FSM from design).

6.7.3. Executing FSM_OPT pass (simple optimizations of FSMs).

6.7.4. Executing OPT_CLEAN pass (remove unused cells and wires).
Finding unused cells or wires in module \multiplier8..

6.7.5. Executing FSM_OPT pass (simple optimizations of FSMs).

6.7.6. Executing FSM_RECODE pass (re-assigning FSM state encoding).

6.7.7. Executing FSM_INFO pass (dumping all available information on FSM cells).

6.7.8. Executing FSM_MAP pass (mapping FSMs to basic logic).

6.8. Executing OPT pass (performing simple optimizations).

6.8.1. Executing OPT_EXPR pass (perform const folding).
Optimizing module multiplier8.

6.8.2. Executing OPT_MERGE pass (detect identical cells).
Finding identical cells in module `\multiplier8'.
Computing hashes of 1 cells of `\multiplier8'.
Finding duplicate cells in `\multiplier8'.
Removed a total of 0 cells.

6.8.3. Executing OPT_MUXTREE pass (detect dead branches in mux trees).
Running muxtree optimizer on module \multiplier8..
  Creating internal representation of mux trees.
  No muxes found in this module.
Removed 0 multiplexer ports.

6.8.4. Executing OPT_REDUCE pass (consolidate $*mux and $reduce_* inputs).
  Optimizing cells in module \multiplier8.
Performed a total of 0 changes.

6.8.5. Executing OPT_MERGE pass (detect identical cells).
Finding identical cells in module `\multiplier8'.
Computing hashes of 1 cells of `\multiplier8'.
Finding duplicate cells in `\multiplier8'.
Removed a total of 0 cells.

6.8.6. Executing OPT_DFF pass (perform DFF optimizations).

6.8.7. Executing OPT_CLEAN pass (remove unused cells and wires).
Finding unused cells or wires in module \multiplier8..

6.8.8. Executing OPT_EXPR pass (perform const folding).
Optimizing module multiplier8.

6.8.9. Finished fast OPT passes. (There is nothing left to do.)

6.9. Executing WREDUCE pass (reducing word size of cells).
Removed top 8 bits (of 16) from port A of cell multiplier8.$mul$/workspace/silicon-runs/un-20261005-012618/rtl/multiplier8/multiplier8.v:26$1 ($mul).
Removed top 8 bits (of 16) from port B of cell multiplier8.$mul$/workspace/silicon-runs/un-20261005-012618/rtl/multiplier8/multiplier8.v:26$1 ($mul).

6.10. Executing PEEPOPT pass (run peephole optimizers).

6.11. Executing OPT_CLEAN pass (remove unused cells and wires).
Finding unused cells or wires in module \multiplier8..

6.12. Executing ALUMACC pass (create $alu and $macc cells).
Extracting $alu and $macc cells in module multiplier8:
  creating $macc model for $mul$/workspace/silicon-runs/un-20261005-012618/rtl/multiplier8/multiplier8.v:26$1 ($mul).
  creating $macc cell for $mul$/workspace/silicon-runs/un-20261005-012618/rtl/multiplier8/multiplier8.v:26$1: $auto$alumacc.cc:399:replace_macc$2
  created 0 $alu and 1 $macc cells.

6.13. Executing SHARE pass (SAT-based resource sharing).

6.14. Executing OPT pass (performing simple optimizations).

6.14.1. Executing OPT_EXPR pass (perform const folding).
Optimizing module multiplier8.

6.14.2. Executing OPT_MERGE pass (detect identical cells).
Finding identical cells in module `\multiplier8'.
Computing hashes of 1 cells of `\multiplier8'.
Finding duplicate cells in `\multiplier8'.
Removed a total of 0 cells.

6.14.3. Executing OPT_MUXTREE pass (detect dead branches in mux trees).
Running muxtree optimizer on module \multiplier8..
  Creating internal representation of mux trees.
  No muxes found in this module.
Removed 0 multiplexer ports.

6.14.4. Executing OPT_REDUCE pass (consolidate $*mux and $reduce_* inputs).
  Optimizing cells in module \multiplier8.
Performed a total of 0 changes.

6.14.5. Executing OPT_MERGE pass (detect identical cells).
Finding identical cells in module `\multiplier8'.
Computing hashes of 1 cells of `\multiplier8'.
Finding duplicate cells in `\multiplier8'.
Removed a total of 0 cells.

6.14.6. Executing OPT_DFF pass (perform DFF optimizations).

6.14.7. Executing OPT_CLEAN pass (remove unused cells and wires).
Finding unused cells or wires in module \multiplier8..

6.14.8. Executing OPT_EXPR pass (perform const folding).
Optimizing module multiplier8.

6.14.9. Finished fast OPT passes. (There is nothing left to do.)

6.15. Executing MEMORY pass.

6.15.1. Executing OPT_MEM pass (optimize memories).
Performed a total of 0 transformations.

6.15.2. Executing OPT_MEM_PRIORITY pass (removing unnecessary memory write priority relations).
Performed a total of 0 transformations.

6.15.3. Executing OPT_MEM_FEEDBACK pass (finding memory read-to-write feedback paths).

6.15.4. Executing MEMORY_BMUX2ROM pass (converting muxes to ROMs).

6.15.5. Executing MEMORY_DFF pass (merging $dff cells to $memrd).

6.15.6. Executing OPT_CLEAN pass (remove unused cells and wires).
Finding unused cells or wires in module \multiplier8..

6.15.7. Executing MEMORY_SHARE pass (consolidating $memrd/$memwr cells).

6.15.8. Executing OPT_MEM_WIDEN pass (optimize memories where all ports are wide).
Performed a total of 0 transformations.

6.15.9. Executing OPT_CLEAN pass (remove unused cells and wires).
Finding unused cells or wires in module \multiplier8..

6.15.10. Executing MEMORY_COLLECT pass (generating $mem cells).

6.16. Executing OPT_CLEAN pass (remove unused cells and wires).
Finding unused cells or wires in module \multiplier8..

7. Executing MEMORY_BRAM pass (mapping $mem cells to block memories).

8. Executing MEMORY_MAP pass (converting memories to logic and flip-flops).

9. Executing SYNTH pass.

9.1. Executing OPT pass (performing simple optimizations).

9.1.1. Executing OPT_EXPR pass (perform const folding).
Optimizing module multiplier8.

9.1.2. Executing OPT_MERGE pass (detect identical cells).
Finding identical cells in module `\multiplier8'.
Computing hashes of 1 cells of `\multiplier8'.
Finding duplicate cells in `\multiplier8'.
Removed a total of 0 cells.

9.1.3. Executing OPT_DFF pass (perform DFF optimizations).

9.1.4. Executing OPT_CLEAN pass (remove unused cells and wires).
Finding unused cells or wires in module \multiplier8..

9.1.5. Finished fast OPT passes.

9.2. Executing MEMORY_MAP pass (converting memories to logic and flip-flops).

9.3. Executing OPT pass (performing simple optimizations).

9.3.1. Executing OPT_EXPR pass (perform const folding).
Optimizing module multiplier8.

9.3.2. Executing OPT_MERGE pass (detect identical cells).
Finding identical cells in module `\multiplier8'.
Computing hashes of 1 cells of `\multiplier8'.
Finding duplicate cells in `\multiplier8'.
Removed a total of 0 cells.

9.3.3. Executing OPT_MUXTREE pass (detect dead branches in mux trees).
Running muxtree optimizer on module \multiplier8..
  Creating internal representation of mux trees.
  No muxes found in this module.
Removed 0 multiplexer ports.

9.3.4. Executing OPT_REDUCE pass (consolidate $*mux and $reduce_* inputs).
  Optimizing cells in module \multiplier8.
Performed a total of 0 changes.

9.3.5. Executing OPT_MERGE pass (detect identical cells).
Finding identical cells in module `\multiplier8'.
Computing hashes of 1 cells of `\multiplier8'.
Finding duplicate cells in `\multiplier8'.
Removed a total of 0 cells.

9.3.6. Executing OPT_SHARE pass.

9.3.7. Executing OPT_DFF pass (perform DFF optimizations).

9.3.8. Executing OPT_CLEAN pass (remove unused cells and wires).
Finding unused cells or wires in module \multiplier8..

9.3.9. Executing OPT_EXPR pass (perform const folding).
Optimizing module multiplier8.

9.3.10. Finished fast OPT passes. (There is nothing left to do.)

9.4. Executing TECHMAP pass (map to technology primitives).

9.4.1. Executing Verilog-2005 frontend: /OpenROAD-flow-scripts/tools/install/yosys/bin/../share/yosys/techmap.v
Parsing Verilog input from `/OpenROAD-flow-scripts/tools/install/yosys/bin/../share/yosys/techmap.v' to AST representation.
Generating RTLIL representation for module `\_90_simplemap_bool_ops'.
Generating RTLIL representation for module `\_90_simplemap_reduce_ops'.
Generating RTLIL representation for module `\_90_simplemap_logic_ops'.
Generating RTLIL representation for module `\_90_simplemap_compare_ops'.
Generating RTLIL representation for module `\_90_simplemap_various'.
Generating RTLIL representation for module `\_90_simplemap_registers'.
Generating RTLIL representation for module `\_90_shift_ops_shr_shl_sshl_sshr'.
Generating RTLIL representation for module `\_90_shift_shiftx'.
Generating RTLIL representation for module `\_90_fa'.
Generating RTLIL representation for module `\_90_lcu_brent_kung'.
Generating RTLIL representation for module `\_90_alu'.
Generating RTLIL representation for module `\_90_macc'.
Generating RTLIL representation for module `\_90_alumacc'.
Generating RTLIL representation for module `$__div_mod_u'.
Generating RTLIL representation for module `$__div_mod_trunc'.
Generating RTLIL representation for module `\_90_div'.
Generating RTLIL representation for module `\_90_mod'.
Generating RTLIL representation for module `$__div_mod_floor'.
Generating RTLIL representation for module `\_90_divfloor'.
Generating RTLIL representation for module `\_90_modfloor'.
Generating RTLIL representation for module `\_90_pow'.
Generating RTLIL representation for module `\_90_demux'.
Generating RTLIL representation for module `\_90_lut'.
Generating RTLIL representation for module `$connect'.
Generating RTLIL representation for module `$input_port'.
Successfully finished Verilog frontend.

9.4.2. Continuing TECHMAP pass.
Using extmapper maccmap for cells of type $macc_v2.
  add \a * \b (8x8 bits, unsigned)
Using template $paramod\_90_fa\WIDTH=32'00000000000000000000000000010000 for cells of type $fa.
Using template $paramod$6df0329addda9228fcc2546de2aaf14ad26c98e1\_90_alu for cells of type $alu.
Using extmapper simplemap for cells of type $and.
Using extmapper simplemap for cells of type $or.
Using extmapper simplemap for cells of type $xor.
Using template $paramod\_90_lcu_brent_kung\WIDTH=32'00000000000000000000000000010000 for cells of type $lcu.
Using extmapper simplemap for cells of type $pos.
Using extmapper simplemap for cells of type $mux.
Using extmapper simplemap for cells of type $not.
No more expansions possible.
<suppressed ~353 debug messages>

9.5. Executing OPT pass (performing simple optimizations).

9.5.1. Executing OPT_EXPR pass (perform const folding).
Optimizing module multiplier8.
<suppressed ~408 debug messages>

9.5.2. Executing OPT_MERGE pass (detect identical cells).
Finding identical cells in module `\multiplier8'.
Computing hashes of 394 cells of `\multiplier8'.
Finding duplicate cells in `\multiplier8'.
Removed a total of 0 cells.

9.5.3. Executing OPT_DFF pass (perform DFF optimizations).

9.5.4. Executing OPT_CLEAN pass (remove unused cells and wires).
Finding unused cells or wires in module \multiplier8..
Removed 27 unused cells and 116 unused wires.
<suppressed ~28 debug messages>

9.5.5. Finished fast OPT passes.

9.6. Executing ABC pass (technology mapping using ABC).

9.6.1. Extracting gate netlist of module `\multiplier8' to `<abc-temp-dir>/input.blif'..

9.6.1.1. Executed ABC.
Extracted 367 gates and 383 wires to a netlist network with 16 inputs and 16 outputs.
Running ABC script: <abc-temp-dir>/abc.script
ABC: UC Berkeley, ABC 1.01 (compiled 0 0)
ABC: abc 01> empty
ABC: abc 01> source <abc-temp-dir>/abc.script
ABC: + read_blif <abc-temp-dir>/input.blif 
ABC: + read_library <abc-temp-dir>/stdcells.genlib 
ABC: + strash 
ABC: + &get -n 
ABC: + &fraig -x 
ABC: + &put 
ABC: + scorr 
ABC: Warning: The network is combinational (run "fraig" or "fraig_sweep").
ABC: + dc2 
ABC: + dretime 
ABC: + strash 
ABC: + &get -n 
ABC: + &dch -f 
ABC: + &nf 
ABC: + &put 
ABC: + write_blif <abc-temp-dir>/output.blif 
ABC: 
ABC: YOSYS_ABC_DONE 

9.6.1.2. Re-integrating ABC results.
ABC RESULTS:               AND cells:       78
ABC RESULTS:            ANDNOT cells:        1
ABC RESULTS:              NAND cells:      148
ABC RESULTS:             ORNOT cells:        1
ABC RESULTS:              XNOR cells:       11
ABC RESULTS:               XOR cells:      104
ABC RESULTS:        internal signals:      351
ABC RESULTS:           input signals:       16
ABC RESULTS:          output signals:       16
Removing temp directory.
Removing global temp directory.

9.7. Executing OPT pass (performing simple optimizations).

9.7.1. Executing OPT_EXPR pass (perform const folding).
Optimizing module multiplier8.

9.7.2. Executing OPT_MERGE pass (detect identical cells).
Finding identical cells in module `\multiplier8'.
Computing hashes of 343 cells of `\multiplier8'.
Finding duplicate cells in `\multiplier8'.
Removed a total of 0 cells.

9.7.3. Executing OPT_DFF pass (perform DFF optimizations).

9.7.4. Executing OPT_CLEAN pass (remove unused cells and wires).
Finding unused cells or wires in module \multiplier8..
Removed 0 unused cells and 105 unused wires.
<suppressed ~1 debug messages>

9.7.5. Finished fast OPT passes.

9.8. Executing HIERARCHY pass (managing design hierarchy).
Attribute `top' found on module `multiplier8'. Setting top module to multiplier8.

9.8.1. Analyzing design hierarchy..
Top module:  \multiplier8

9.8.2. Analyzing design hierarchy..
Top module:  \multiplier8
Removed 0 unused modules.

9.9. Printing statistics.

=== multiplier8 ===

        +----------Local Count, excluding submodules.
        | 
      332 wires
      391 wire bits
        5 public wires
       64 public wire bits
        3 ports
       32 port bits
      343 cells
        1   $_ANDNOT_
       78   $_AND_
      148   $_NAND_
        1   $_ORNOT_
       11   $_XNOR_
      104   $_XOR_

9.10. Executing CHECK pass (checking for obvious problems).
Checking module multiplier8...
Found and reported 0 problems.

10. Executing DFFLIBMAP pass (mapping DFF cells to sequential cells from liberty file).
  cell sky130_fd_sc_hd__dfxtp_1 (noninv, pins=3, area=20.02) is a direct match for cell type $_DFF_P_.
  cell sky130_fd_sc_hd__dfrtn_1 (noninv, pins=4, area=25.02) is a direct match for cell type $_DFF_NN0_.
  cell sky130_fd_sc_hd__dfrtp_1 (noninv, pins=4, area=25.02) is a direct match for cell type $_DFF_PN0_.
  cell sky130_fd_sc_hd__dfstp_2 (noninv, pins=4, area=26.28) is a direct match for cell type $_DFF_PN1_.
  cell sky130_fd_sc_hd__edfxtp_1 (noninv, pins=4, area=30.03) is a direct match for cell type $_DFFE_PP_.
  cell sky130_fd_sc_hd__dfbbn_1 (noninv, pins=6, area=32.53) is a direct match for cell type $_DFFSR_NNN_.
  cell sky130_fd_sc_hd__dfbbp_1 (noninv, pins=6, area=32.53) is a direct match for cell type $_DFFSR_PNN_.
  final dff cell mappings:
    unmapped dff cell: $_DFF_N_
    \sky130_fd_sc_hd__dfxtp_1 _DFF_P_ (.CLK( C), .D( D), .Q( Q));
    \sky130_fd_sc_hd__dfrtn_1 _DFF_NN0_ (.CLK_N( C), .D( D), .Q( Q), .RESET_B( R));
    unmapped dff cell: $_DFF_NN1_
    unmapped dff cell: $_DFF_NP0_
    unmapped dff cell: $_DFF_NP1_
    \sky130_fd_sc_hd__dfrtp_1 _DFF_PN0_ (.CLK( C), .D( D), .Q( Q), .RESET_B( R));
    \sky130_fd_sc_hd__dfstp_2 _DFF_PN1_ (.CLK( C), .D( D), .Q( Q), .SET_B( R));
    unmapped dff cell: $_DFF_PP0_
    unmapped dff cell: $_DFF_PP1_
    unmapped dff cell: $_DFFE_NN_
    unmapped dff cell: $_DFFE_NP_
    unmapped dff cell: $_DFFE_PN_
    \sky130_fd_sc_hd__edfxtp_1 _DFFE_PP_ (.CLK( C), .D( D), .DE( E), .Q( Q));
    \sky130_fd_sc_hd__dfbbn_1 _DFFSR_NNN_ (.CLK_N( C), .D( D), .Q( Q), .Q_N(~Q), .RESET_B( R), .SET_B( S));
    unmapped dff cell: $_DFFSR_NNP_
    unmapped dff cell: $_DFFSR_NPN_
    unmapped dff cell: $_DFFSR_NPP_
    \sky130_fd_sc_hd__dfbbp_1 _DFFSR_PNN_ (.CLK( C), .D( D), .Q( Q), .Q_N(~Q), .RESET_B( R), .SET_B( S));
    unmapped dff cell: $_DFFSR_PNP_
    unmapped dff cell: $_DFFSR_PPN_
    unmapped dff cell: $_DFFSR_PPP_

10.1. Executing DFFLEGALIZE pass (convert FFs to types supported by the target).
<suppressed ~24 debug messages>
Mapping DFF cells in module `\multiplier8':

11. Executing ABC pass (technology mapping using ABC).

11.1. Extracting gate netlist of module `\multiplier8' to `<abc-temp-dir>/input.blif'..
ABC: using cached merged SCL: /tmp/yosys-liberty-scl-cache/yosys_merged_47d04278.scl (1 files)

11.1.1. Executed ABC.
Extracted 343 gates and 359 wires to a netlist network with 16 inputs and 16 outputs.
Running ABC script: <abc-temp-dir>/abc.script
ABC: UC Berkeley, ABC 1.01 (compiled 0 0)
ABC: abc 01> empty
ABC: abc 01> source <abc-temp-dir>/abc.script
ABC: + read_blif <abc-temp-dir>/input.blif 
ABC: + read_scl /tmp/yosys-liberty-scl-cache/yosys_merged_47d04278.scl 
ABC: Warning: Detected 9 multi-output cells (for example, "sky130_fd_sc_hd__fa_1").
ABC: + strash 
ABC: + &get -n 
ABC: + &fraig -x 
ABC: + &put 
ABC: + scorr 
ABC: Warning: The network is combinational (run "fraig" or "fraig_sweep").
ABC: + dc2 
ABC: + dretime 
ABC: + strash 
ABC: + &get -n 
ABC: + &dch -f 
ABC: + &nf 
ABC: + &put 
ABC: + write_blif <abc-temp-dir>/output.blif 
ABC: 
ABC: YOSYS_ABC_DONE 

11.1.2. Re-integrating ABC results.
ABC RESULTS:   sky130_fd_sc_hd__a21oi_1 cells:        9
ABC RESULTS:   sky130_fd_sc_hd__a22o_1 cells:        3
ABC RESULTS:   sky130_fd_sc_hd__a22oi_1 cells:        6
ABC RESULTS:   sky130_fd_sc_hd__a31oi_1 cells:        1
ABC RESULTS:   sky130_fd_sc_hd__and2_0 cells:        4
ABC RESULTS:   sky130_fd_sc_hd__and3_1 cells:        1
ABC RESULTS:   sky130_fd_sc_hd__and4_1 cells:        1
ABC RESULTS:   sky130_fd_sc_hd__clkinv_1 cells:        2
ABC RESULTS:   sky130_fd_sc_hd__lpflow_isobufsrc_1 cells:        4
ABC RESULTS:   sky130_fd_sc_hd__maj3_1 cells:       30
ABC RESULTS:   sky130_fd_sc_hd__nand2_1 cells:       55
ABC RESULTS:   sky130_fd_sc_hd__nand2b_1 cells:        7
ABC RESULTS:   sky130_fd_sc_hd__nand3_1 cells:        2
ABC RESULTS:   sky130_fd_sc_hd__nand4_1 cells:        4
ABC RESULTS:   sky130_fd_sc_hd__nor2_1 cells:       15
ABC RESULTS:   sky130_fd_sc_hd__nor2b_1 cells:        2
ABC RESULTS:   sky130_fd_sc_hd__nor3_1 cells:        4
ABC RESULTS:   sky130_fd_sc_hd__o21a_1 cells:        3
ABC RESULTS:   sky130_fd_sc_hd__o21ai_0 cells:        6
ABC RESULTS:   sky130_fd_sc_hd__o21bai_1 cells:        2
ABC RESULTS:   sky130_fd_sc_hd__o22a_1 cells:        2
ABC RESULTS:   sky130_fd_sc_hd__or3b_1 cells:        1
ABC RESULTS:   sky130_fd_sc_hd__xnor2_1 cells:       38
ABC RESULTS:   sky130_fd_sc_hd__xnor3_1 cells:       12
ABC RESULTS:   sky130_fd_sc_hd__xor2_1 cells:       29
ABC RESULTS:   sky130_fd_sc_hd__xor3_1 cells:        5
ABC RESULTS:        internal signals:      327
ABC RESULTS:           input signals:       16
ABC RESULTS:          output signals:       16
Removing temp directory.
Removing global temp directory.

12. Executing OPT_CLEAN pass (remove unused cells and wires).
Finding unused cells or wires in module \multiplier8..
Removed 0 unused cells and 359 unused wires.
<suppressed ~1 debug messages>

13. Printing statistics.

=== multiplier8 ===

        +----------Local Count, excluding submodules.
        |        +-Local Area, excluding submodules.
        |        | 
      237        - wires
      296        - wire bits
        5        - public wires
       64        - public wire bits
        3        - ports
       32        - port bits
      248  1939.36 cells
        9   45.043   sky130_fd_sc_hd__a21oi_1
        3   26.275   sky130_fd_sc_hd__a22o_1
        6   45.043   sky130_fd_sc_hd__a22oi_1
        1    6.256   sky130_fd_sc_hd__a31oi_1
        4   25.024   sky130_fd_sc_hd__and2_0
        1    6.256   sky130_fd_sc_hd__and3_1
        1    8.758   sky130_fd_sc_hd__and4_1
        2    7.507   sky130_fd_sc_hd__clkinv_1
        4   25.024   sky130_fd_sc_hd__lpflow_isobufsrc_1
       30  300.288   sky130_fd_sc_hd__maj3_1
       55  206.448   sky130_fd_sc_hd__nand2_1
        7   43.792   sky130_fd_sc_hd__nand2b_1
        2    10.01   sky130_fd_sc_hd__nand3_1
        4   25.024   sky130_fd_sc_hd__nand4_1
       15   56.304   sky130_fd_sc_hd__nor2_1
        2   12.512   sky130_fd_sc_hd__nor2b_1
        4   20.019   sky130_fd_sc_hd__nor3_1
        3   22.522   sky130_fd_sc_hd__o21a_1
        6   30.029   sky130_fd_sc_hd__o21ai_0
        2   15.014   sky130_fd_sc_hd__o21bai_1
        2   17.517   sky130_fd_sc_hd__o22a_1
        1    8.758   sky130_fd_sc_hd__or3b_1
       38  332.819   sky130_fd_sc_hd__xnor2_1
       12  270.259   sky130_fd_sc_hd__xnor3_1
       29  253.994   sky130_fd_sc_hd__xor2_1
        5  118.864   sky130_fd_sc_hd__xor3_1

   Chip area for module '\multiplier8': 1939.360000
     of which used for sequential elements: 0.000000 (0.00%)

14. Executing Verilog backend.

14.1. Executing BMUXMAP pass.

14.2. Executing DEMUXMAP pass.
Dumping module `\multiplier8'.

End of script. Logfile hash: e120db757b, time: 0.66s, user: 0.34s, system: 0.04s, MEM: 138.61 MB peak
Yosys 0.68+post (git sha1 UNKNOWN, Release, GNU /usr/local/bin/wrapped-cc/g++ 11.4.0)
Time spent: 45% 2x abc (0 sec), 19% 2x stat (0 sec), ...


=== STDERR ===

